{
  "version": "1.5.0",
  "plugins_used": [
    {
      "name": "ArtifactoryDetector"
    },
    {
      "name": "AWSKeyDetector"
    },
    {
      "name": "AzureStorageKeyDetector"
    },
    {
      "name": "Base64HighEntropyString",
      "limit": 4.5
    },
    {
      "name": "BasicAuthDetector"
    },
    {
      "name": "CloudantDetector"
    },
    {
      "name": "DiscordBotTokenDetector"
    },
    {
      "name": "GitHubTokenDetector"
    },
    {
      "name": "HexHighEntropyString",
      "limit": 3.0
    },
    {
      "name": "IbmCloudIamDetector"
    },
    {
      "name": "IbmCosHmacDetector"
    },
    {
      "name": "JwtTokenDetector"
    },
    {
      "name": "KeywordDetector",
      "keyword_exclude": ""
    },
    {
      "name": "MailchimpDetector"
    },
    {
      "name": "NpmDetector"
    },
    {
      "name": "PrivateKeyDetector"
    },
    {
      "name": "SendGridDetector"
    },
    {
      "name": "SlackDetector"
    },
    {
      "name": "SoftlayerDetector"
    },
    {
      "name": "SquareOAuthDetector"
    },
    {
      "name": "StripeDetector"
    },
    {
      "name": "TwilioKeyDetector"
    }
  ],
  "filters_used": [
    {
      "path": "detect_secrets.filters.allowlist.is_line_allowlisted"
    },
    {
      "path": "detect_secrets.filters.common.is_baseline_file",
      "filename": ".secrets.baseline"
    },
    {
      "path": "detect_secrets.filters.common.is_ignored_due_to_verification_policies",
      "min_level": 2
    },
    {
      "path": "detect_secrets.filters.heuristic.is_indirect_reference"
    },
    {
      "path": "detect_secrets.filters.heuristic.is_likely_id_string"
    },
    {
      "path": "detect_secrets.filters.heuristic.is_lock_file"
    },
    {
      "path": "detect_secrets.filters.heuristic.is_not_alphanumeric_string"
    },
    {
      "path": "detect_secrets.filters.heuristic.is_potential_uuid"
    },
    {
      "path": "detect_secrets.filters.heuristic.is_prefixed_with_dollar_sign"
    },
    {
      "path": "detect_secrets.filters.heuristic.is_sequential_string"
    },
    {
      "path": "detect_secrets.filters.heuristic.is_swagger_file"
    },
    {
      "path": "detect_secrets.filters.heuristic.is_templated_secret"
    },
    {
      "path": "detect_secrets.filters.regex.should_exclude_file",
      "pattern": [
        "(^|/)(\\.secrets\\.baseline(\\..*)?|src/document_processing/pdf_renamer/(API_KEY_SETUP|QUICK_START|README)\\.md|.*\\.txt|.*\\.log|.*\\.json|.*\\.xml|.*\\.ipynb)$"
      ]
    }
  ],
  "results": {
    "CONTRIBUTING.md": [
      {
        "type": "Secret Keyword",
        "filename": "CONTRIBUTING.md",
        "hashed_secret": "6367c48dd193d56ea7b0baad25b19455e529f5ee",
        "is_verified": false,
        "line_number": 236,
        "is_secret": false
      }
    ],
    "SECURITY.md": [
      {
        "type": "Basic Auth Credentials",
        "filename": "SECURITY.md",
        "hashed_secret": "5baa61e4c9b93f3f0682250b6cf8331b7ee68fd8",
        "is_verified": false,
        "line_number": 87,
        "is_secret": false
      },
      {
        "type": "Private Key",
        "filename": "SECURITY.md",
        "hashed_secret": "1348b145fa1a555461c1b790a2f66614781091e9",
        "is_verified": false,
        "line_number": 137,
        "is_secret": false
      }
    ],
    "docker-compose.yml": [
      {
        "type": "Secret Keyword",
        "filename": "docker-compose.yml",
        "hashed_secret": "62f636a4093203567e1f686bbf993d217c07acd7",
        "is_verified": false,
        "line_number": 19,
        "is_secret": false
      },
      {
        "type": "Secret Keyword",
        "filename": "docker-compose.yml",
        "hashed_secret": "93ad760330f639acf01f297e7ebbab78310ccca1",
        "is_verified": false,
        "line_number": 61,
        "is_secret": false
      }
    ],
    "docs/SECRETS_MANAGEMENT.md": [
      {
        "type": "Secret Keyword",
        "filename": "docs\\SECRETS_MANAGEMENT.md",
        "hashed_secret": "00fa25f6e187edf5a58cba84e81653a7de02a0a6",
        "is_verified": false,
        "line_number": 56,
        "is_secret": false
      },
      {
        "type": "Base64 High Entropy String",
        "filename": "docs\\SECRETS_MANAGEMENT.md",
        "hashed_secret": "98f7ff6a8351501eab0cd7cbfb74942298205fcd",
        "is_verified": false,
        "line_number": 78,
        "is_secret": false
      },
      {
        "type": "Secret Keyword",
        "filename": "docs\\SECRETS_MANAGEMENT.md",
        "hashed_secret": "98f7ff6a8351501eab0cd7cbfb74942298205fcd",
        "is_verified": false,
        "line_number": 78,
        "is_secret": false
      }
    ],
    "docs/development/CONTAINERIZATION_INDEX.md": [
      {
        "type": "Basic Auth Credentials",
        "filename": "docs\\development\\CONTAINERIZATION_INDEX.md",
        "hashed_secret": "9d4e1e23bd5b727046a9e3b4b7db57bd8d6ee684",
        "is_verified": false,
        "line_number": 348,
        "is_secret": false
      }
    ],
    "docs/development/DOCKER.md": [
      {
        "type": "Basic Auth Credentials",
        "filename": "docs\\development\\DOCKER.md",
        "hashed_secret": "9d4e1e23bd5b727046a9e3b4b7db57bd8d6ee684",
        "is_verified": false,
        "line_number": 206,
        "is_secret": false
      }
    ],
    "docs/development/DOCKER_QUICKREF.md": [
      {
        "type": "Basic Auth Credentials",
        "filename": "docs\\development\\DOCKER_QUICKREF.md",
        "hashed_secret": "9d4e1e23bd5b727046a9e3b4b7db57bd8d6ee684",
        "is_verified": false,
        "line_number": 235,
        "is_secret": false
      }
    ],
    "docs/security-audit.md": [
      {
        "type": "Private Key",
        "filename": "docs\\security-audit.md",
        "hashed_secret": "1348b145fa1a555461c1b790a2f66614781091e9",
        "is_verified": false,
        "line_number": 40,
        "is_secret": false
      }
    ],
    "src/document_processing/pdf_renamer/SETUP_GUIDE.md": [
      {
        "type": "Secret Keyword",
        "filename": "src\\document_processing\\pdf_renamer\\SETUP_GUIDE.md",
        "hashed_secret": "2e1f9f57a64c27ef5332c1d1069ba318e1359dc9",
        "is_verified": false,
        "line_number": 33,
        "is_secret": false
      }
    ],
    "src/media_processing/video_processor/apps/web/lib/__tests__/csrf.test.ts": [
      {
        "type": "Hex High Entropy String",
        "filename": "src\\media_processing\\video_processor\\apps\\web\\lib\\__tests__\\csrf.test.ts",
        "hashed_secret": "90bd1b48e958257948487b90bee080ba5ed00caa",
        "is_verified": false,
        "line_number": 79,
        "is_secret": false
      }
    ],
    "src/python/tests/test_folder_packer_pro.py": [
      {
        "type": "Secret Keyword",
        "filename": "src\\python\\tests\\test_folder_packer_pro.py",
        "hashed_secret": "9fb7fe1217aed442b04c0f5e43b5d5a7d3287097",
        "is_verified": false,
        "line_number": 69,
        "is_secret": false
      }
    ],
    "src/rate_of_closure/web/src/components/RegionalSurfacePlanPanel.test.tsx": [
      {
        "type": "Hex High Entropy String",
        "filename": "src\\rate_of_closure\\web\\src\\components\\RegionalSurfacePlanPanel.test.tsx",
        "hashed_secret": "c8be820b80a787462eeab9a384aedc13bbdc441a",
        "is_verified": false,
        "line_number": 38
      }
    ],
    "src/rate_of_closure/web/src/model/webRuntime.test.ts": [
      {
        "type": "Hex High Entropy String",
        "filename": "src\\rate_of_closure\\web\\src\\model\\webRuntime.test.ts",
        "hashed_secret": "158b484ae1f6f64f89da22397d25fbdafad02252",
        "is_verified": false,
        "line_number": 28
      }
    ],
    "src/shared/python/ai/config.py": [
      {
        "type": "Secret Keyword",
        "filename": "src\\shared\\python\\ai\\config.py",
        "hashed_secret": "02ecb94373bfb3dfe827ca18409f50b016e8302a",
        "is_verified": false,
        "line_number": 59,
        "is_secret": false
      },
      {
        "type": "Secret Keyword",
        "filename": "src\\shared\\python\\ai\\config.py",
        "hashed_secret": "f8ca0d7266886f4b5be9adddc9b66017b3bf1a4b",
        "is_verified": false,
        "line_number": 65,
        "is_secret": false
      },
      {
        "type": "Secret Keyword",
        "filename": "src\\shared\\python\\ai\\config.py",
        "hashed_secret": "3e10d010e7dfb478858d30459fa03f3824340d47",
        "is_verified": false,
        "line_number": 70,
        "is_secret": false
      }
    ],
    "src/shared/python/chat/tests/test_chat_drift.py": [
      {
        "type": "Hex High Entropy String",
        "filename": "src\\shared\\python\\chat\\tests\\test_chat_drift.py",
        "hashed_secret": "ed4fa5bf12cf30400824f103cb57ced6a699b223",
        "is_verified": false,
        "line_number": 45,
        "is_secret": false
      },
      {
        "type": "Hex High Entropy String",
        "filename": "src\\shared\\python\\chat\\tests\\test_chat_drift.py",
        "hashed_secret": "dd04f659f77e061a84e2629a5db4d59fa29c5ba3",
        "is_verified": false,
        "line_number": 46,
        "is_secret": false
      }
    ],
    "src/shared/python/chat/tests/test_credentials.py": [
      {
        "type": "Secret Keyword",
        "filename": "src\\shared\\python\\chat\\tests\\test_credentials.py",
        "hashed_secret": "c7cacebb397eabb2d807f19e4ee66ccf8f2965b6",
        "is_verified": false,
        "line_number": 153,
        "is_secret": false
      }
    ],
    "src/shared/python/sidekick/process_calculators/psa_package/README.md": [
      {
        "type": "Secret Keyword",
        "filename": "src\\shared\\python\\sidekick\\process_calculators\\psa_package\\README.md",
        "hashed_secret": "5baa61e4c9b93f3f0682250b6cf8331b7ee68fd8",
        "is_verified": false,
        "line_number": 56,
        "is_secret": false
      }
    ],
    "src/web_applications/calculator/tests/test_exception_handling.py": [
      {
        "type": "Secret Keyword",
        "filename": "src\\web_applications\\calculator\\tests\\test_exception_handling.py",
        "hashed_secret": "c0e083bf8f56a40effc20aa23267a2964e6b72e5",
        "is_verified": false,
        "line_number": 26,
        "is_secret": false
      }
    ],
    "tests/rate_of_closure/test_regional_ground_authority_jobs.py": [
      {
        "type": "Secret Keyword",
        "filename": "tests\\rate_of_closure\\test_regional_ground_authority_jobs.py",
        "hashed_secret": "8319f4a6b471cd11fdc7580f912bc851f62ee5d5",
        "is_verified": false,
        "line_number": 199
      }
    ],
    "tests/rate_of_closure/test_regional_ground_loopback_submitter.py": [
      {
        "type": "Secret Keyword",
        "filename": "tests\\rate_of_closure\\test_regional_ground_loopback_submitter.py",
        "hashed_secret": "5ed66310a1f2337f69f28e0bb983558aa23c625e",
        "is_verified": false,
        "line_number": 163
      },
      {
        "type": "Secret Keyword",
        "filename": "tests\\rate_of_closure\\test_regional_ground_loopback_submitter.py",
        "hashed_secret": "e4e9411d2e119d52695aeadb8b5e97fa934289a9",
        "is_verified": false,
        "line_number": 352
      }
    ],
    "tests/rate_of_closure/test_regional_ground_result_golden.py": [
      {
        "type": "Hex High Entropy String",
        "filename": "tests\\rate_of_closure\\test_regional_ground_result_golden.py",
        "hashed_secret": "95b7e95e4a360a3262c616fac232139551ced82b",
        "is_verified": false,
        "line_number": 39
      }
    ],
    "tests/rate_of_closure/test_regional_ground_variation_execution.py": [
      {
        "type": "Hex High Entropy String",
        "filename": "tests\\rate_of_closure\\test_regional_ground_variation_execution.py",
        "hashed_secret": "1bc842877058e2ad33eb2a0288dd63503183beb9",
        "is_verified": false,
        "line_number": 31
      }
    ],
    "tests/rate_of_closure/test_regional_surface_plan.py": [
      {
        "type": "Hex High Entropy String",
        "filename": "tests\\rate_of_closure\\test_regional_surface_plan.py",
        "hashed_secret": "c8be820b80a787462eeab9a384aedc13bbdc441a",
        "is_verified": false,
        "line_number": 78
      }
    ],
    "tests/shared/python/ai/test_classify_error.py": [
      {
        "type": "Secret Keyword",
        "filename": "tests\\shared\\python\\ai\\test_classify_error.py",
        "hashed_secret": "e9a5f12a8ecbb3eb46eca5096b5c52aa5e7c9fdd",
        "is_verified": false,
        "line_number": 37,
        "is_secret": false
      }
    ],
    "tests/shared/python/ai/test_rust_adapter.py": [
      {
        "type": "Secret Keyword",
        "filename": "tests\\shared\\python\\ai\\test_rust_adapter.py",
        "hashed_secret": "3acfb2c2b433c0ea7ff107e33df91b18e52f960f",
        "is_verified": false,
        "line_number": 167,
        "is_secret": false
      }
    ],
    "tests/shared/python/ai/test_rust_adapter_extended.py": [
      {
        "type": "Secret Keyword",
        "filename": "tests\\shared\\python\\ai\\test_rust_adapter_extended.py",
        "hashed_secret": "3acfb2c2b433c0ea7ff107e33df91b18e52f960f",
        "is_verified": false,
        "line_number": 36,
        "is_secret": false
      }
    ],
    "tests/shared/python/ai/test_rust_adapter_fallback.py": [
      {
        "type": "Secret Keyword",
        "filename": "tests\\shared\\python\\ai\\test_rust_adapter_fallback.py",
        "hashed_secret": "3acfb2c2b433c0ea7ff107e33df91b18e52f960f",
        "is_verified": false,
        "line_number": 49,
        "is_secret": false
      }
    ],
    "tests/shared/python/chat/test_terminal_runtime.py": [
      {
        "type": "Secret Keyword",
        "filename": "tests\\shared\\python\\chat\\test_terminal_runtime.py",
        "hashed_secret": "e18d91872f904e03149301af57e80cffb9426c20",
        "is_verified": false,
        "line_number": 303
      }
    ],
    "tests/test_config_loader.py": [
      {
        "type": "Secret Keyword",
        "filename": "tests\\test_config_loader.py",
        "hashed_secret": "00fa25f6e187edf5a58cba84e81653a7de02a0a6",
        "is_verified": false,
        "line_number": 199
      }
    ],
    "tests/unit/ai/mcp/test_config_loader.py": [
      {
        "type": "Secret Keyword",
        "filename": "tests\\unit\\ai\\mcp\\test_config_loader.py",
        "hashed_secret": "f2b14f68eb995facb3a1c35287b778d5bd785511",
        "is_verified": false,
        "line_number": 57,
        "is_secret": false
      }
    ],
    "tests/unit/ai/test_gemini_adapter.py": [
      {
        "type": "Secret Keyword",
        "filename": "tests\\unit\\ai\\test_gemini_adapter.py",
        "hashed_secret": "d667b0cd49c315fa18bf31a68e52e9e9c20b78a6",
        "is_verified": false,
        "line_number": 203
      }
    ],
    "tests/unit/chat/export/test_secret_redactor.py": [
      {
        "type": "Hex High Entropy String",
        "filename": "tests\\unit\\chat\\export\\test_secret_redactor.py",
        "hashed_secret": "7992945213f7d76889fa83ff0f2be352409c837e",
        "is_verified": false,
        "line_number": 23,
        "is_secret": false
      },
      {
        "type": "Hex High Entropy String",
        "filename": "tests\\unit\\chat\\export\\test_secret_redactor.py",
        "hashed_secret": "ff998abc1ce6d8f01a675fa197368e44c8916e9c",
        "is_verified": false,
        "line_number": 23,
        "is_secret": false
      },
      {
        "type": "Hex High Entropy String",
        "filename": "tests\\unit\\chat\\export\\test_secret_redactor.py",
        "hashed_secret": "d782ccb6785b5e3cef91a149f946a38cea88fb81",
        "is_verified": false,
        "line_number": 41,
        "is_secret": false
      }
    ],
    "tests/unit/chat/test_adapter_capabilities.py": [
      {
        "type": "Secret Keyword",
        "filename": "tests\\unit\\chat\\test_adapter_capabilities.py",
        "hashed_secret": "3acfb2c2b433c0ea7ff107e33df91b18e52f960f",
        "is_verified": false,
        "line_number": 187,
        "is_secret": false
      }
    ]
  },
  "generated_at": "2026-08-14T02:41:03Z"
}
