[1m============================= test session starts =============================[0m
platform win32 -- Python 3.13.5, pytest-8.4.1, pluggy-1.6.0 -- C:\Users\diete\AppData\Local\Programs\Python\Python313\python.exe
cachedir: .pytest_cache
benchmark: 4.0.0 (defaults: timer=time.perf_counter disable_gc=False min_rounds=5 min_time=0.000005 max_time=1.0 calibration_precision=10 warmup=False warmup_iterations=100000)
PyQt6 6.9.1 -- Qt runtime 6.9.1 -- Qt compiled 6.9.0
rootdir: C:\Users\diete\Repositories\Tools
configfile: pytest.ini
testpaths: tests
plugins: anyio-4.9.0, asyncio-1.3.0, benchmark-4.0.0, cov-7.0.0, mock-3.15.1, qt-4.5.0, timeout-2.3.1
asyncio: mode=Mode.STRICT, debug=False, asyncio_default_fixture_loop_scope=None, asyncio_default_test_loop_scope=function
[1mcollecting ... [0mcollected 808 items / 1 skipped

tests/calc_backend/test_calc_backend_api.py::TestHealthAndMeta::test_health [32mPASSED[0m[33m [  0%][0m
tests/calc_backend/test_calc_backend_api.py::TestHealthAndMeta::test_list_endpoints [32mPASSED[0m[33m [  0%][0m
tests/calc_backend/test_calc_backend_api.py::TestFlareEndpoint::test_flare_success [32mPASSED[0m[33m [  0%][0m
tests/calc_backend/test_calc_backend_api.py::TestFlareEndpoint::test_flare_validation_error [32mPASSED[0m[33m [  0%][0m
tests/calc_backend/test_calc_backend_api.py::TestFlareEndpoint::test_flare_radiation_zone_ordering [32mPASSED[0m[33m [  0%][0m
tests/calc_backend/test_calc_backend_api.py::TestBaghouseEndpoint::test_baghouse_success [32mPASSED[0m[33m [  0%][0m
tests/calc_backend/test_calc_backend_api.py::TestBaghouseEndpoint::test_baghouse_mass_balance [32mPASSED[0m[33m [  0%][0m
tests/calc_backend/test_calc_backend_api.py::TestFinancialEndpoint::test_financial_success [32mPASSED[0m[33m [  0%][0m
tests/calc_backend/test_calc_backend_api.py::TestFinancialEndpoint::test_financial_projections [32mPASSED[0m[33m [  1%][0m
tests/calc_backend/test_calc_backend_api.py::TestFinancialEndpoint::test_financial_no_projections_by_default [32mPASSED[0m[33m [  1%][0m
tests/calc_backend/test_calc_backend_api.py::TestAcidGasDewpointEndpoint::test_dewpoint_success [32mPASSED[0m[33m [  1%][0m
tests/calc_backend/test_calc_backend_api.py::TestAcidGasDewpointEndpoint::test_dewpoint_zero_composition [32mPASSED[0m[33m [  1%][0m
tests/calc_backend/test_calc_backend_api.py::TestAcidGasDewpointEndpoint::test_dewpoint_margin_sign [32mPASSED[0m[33m [  1%][0m
tests/calc_backend/test_calc_backend_api.py::TestPressureDropEndpoint::test_pressure_drop_success [32mPASSED[0m[33m [  1%][0m
tests/calc_backend/test_calc_backend_api.py::TestPressureDropEndpoint::test_pressure_drop_increases_with_length [32mPASSED[0m[33m [  1%][0m
tests/calc_backend/test_calc_backend_api.py::TestScrubberEndpoint::test_scrubber_success [32mPASSED[0m[33m [  1%][0m
tests/calc_backend/test_calc_backend_api.py::TestScrubberEndpoint::test_scrubber_invalid_packing [32mPASSED[0m[33m [  2%][0m
tests/calc_backend/test_calc_backend_api.py::TestWGSReactorEndpoint::test_wgs_equilibrium [33mSKIPPED[0m[33m [  2%][0m
tests/calc_backend/test_calc_backend_api.py::TestWGSReactorEndpoint::test_wgs_with_sizing [33mSKIPPED[0m[33m [  2%][0m
tests/calc_backend/test_calc_backend_api.py::TestWGSReactorEndpoint::test_wgs_no_sizing_when_zero_feed [33mSKIPPED[0m[33m [  2%][0m
tests/calc_backend/test_calc_backend_api.py::TestFlowRateEndpoint::test_mass_kg_h_to_lb_h [32mPASSED[0m[33m [  2%][0m
tests/calc_backend/test_calc_backend_api.py::TestFlowRateEndpoint::test_mass_identity [32mPASSED[0m[33m [  2%][0m
tests/calc_backend/test_calc_backend_api.py::TestFlowRateEndpoint::test_molar_kmol_h_to_mol_s [32mPASSED[0m[33m [  2%][0m
tests/calc_backend/test_calc_backend_api.py::TestFlowRateEndpoint::test_volumetric_m3_h_to_cfm [32mPASSED[0m[33m [  2%][0m
tests/calc_backend/test_calc_backend_api.py::TestFlowRateEndpoint::test_invalid_category [32mPASSED[0m[33m [  3%][0m
tests/calc_backend/test_calc_backend_api.py::TestFlowRateEndpoint::test_invalid_unit [32mPASSED[0m[33m [  3%][0m
tests/calc_backend/test_calc_backend_api.py::TestFlowRateEndpoint::test_endpoints_list_includes_flow_rate [32mPASSED[0m[33m [  3%][0m
tests/calc_backend/test_new_endpoints.py::TestSyngasWaterEndpoint::test_syngas_water_success [32mPASSED[0m[33m [  3%][0m
tests/calc_backend/test_new_endpoints.py::TestSyngasWaterEndpoint::test_syngas_water_all_presets [32mPASSED[0m[33m [  3%][0m
tests/calc_backend/test_new_endpoints.py::TestSyngasWaterEndpoint::test_syngas_water_all_methods [32mPASSED[0m[33m [  3%][0m
tests/calc_backend/test_new_endpoints.py::TestSyngasWaterEndpoint::test_syngas_water_high_temp_no_error [32mPASSED[0m[33m [  3%][0m
tests/calc_backend/test_new_endpoints.py::TestThermalProfileEndpoint::test_thermal_profile_success [32mPASSED[0m[33m [  3%][0m
tests/calc_backend/test_new_endpoints.py::TestThermalProfileEndpoint::test_thermal_profile_constant_steady_state [32mPASSED[0m[33m [  4%][0m
tests/calc_backend/test_new_endpoints.py::TestThermalProfileEndpoint::test_thermal_profile_step_function [32mPASSED[0m[33m [  4%][0m
tests/calc_backend/test_new_endpoints.py::TestThermalProfileEndpoint::test_thermal_profile_ramp [32mPASSED[0m[33m [  4%][0m
tests/calc_backend/test_new_endpoints.py::TestThermalProfileEndpoint::test_thermal_profile_monotonic_heating [32mPASSED[0m[33m [  4%][0m
tests/calc_backend/test_new_endpoints.py::TestODESolverEndpoint::test_exponential_decay [32mPASSED[0m[33m [  4%][0m
tests/calc_backend/test_new_endpoints.py::TestODESolverEndpoint::test_harmonic_oscillator [32mPASSED[0m[33m [  4%][0m
tests/calc_backend/test_new_endpoints.py::TestODESolverEndpoint::test_lotka_volterra [32mPASSED[0m[33m [  4%][0m
tests/calc_backend/test_new_endpoints.py::TestODESolverEndpoint::test_missing_initial_condition [32mPASSED[0m[33m [  4%][0m
tests/calc_backend/test_new_endpoints.py::TestODESolverEndpoint::test_variable_summaries [32mPASSED[0m[33m [  5%][0m
tests/calc_backend/test_new_endpoints.py::TestEndpointsListUpdated::test_endpoints_include_new_calculators [32mPASSED[0m[33m [  5%][0m
tests/data_processing/test_data_processor.py::TestLoad::test_load_csv [32mPASSED[0m[33m [  5%][0m
tests/data_processing/test_data_processor.py::TestLoad::test_load_dataframe [32mPASSED[0m[33m [  5%][0m
tests/data_processing/test_data_processor.py::TestLoad::test_load_unsupported_format [32mPASSED[0m[33m [  5%][0m
tests/data_processing/test_data_processor.py::TestLoad::test_no_data_raises [32mPASSED[0m[33m [  5%][0m
tests/data_processing/test_data_processor.py::TestLoad::test_info_empty [32mPASSED[0m[33m [  5%][0m
tests/data_processing/test_data_processor.py::TestTransform::test_trim_time [32mPASSED[0m[33m [  5%][0m
tests/data_processing/test_data_processor.py::TestTransform::test_apply_formula [32mPASSED[0m[33m [  6%][0m
tests/data_processing/test_data_processor.py::TestTransform::test_drop_columns [32mPASSED[0m[33m [  6%][0m
tests/data_processing/test_data_processor.py::TestTransform::test_rename_columns [32mPASSED[0m[33m [  6%][0m
tests/data_processing/test_data_processor.py::TestTransform::test_sort [32mPASSED[0m[33m [  6%][0m
tests/data_processing/test_data_processor.py::TestTransform::test_dropna [32mPASSED[0m[33m [  6%][0m
tests/data_processing/test_data_processor.py::TestTransform::test_method_chaining [32mPASSED[0m[33m [  6%][0m
tests/data_processing/test_data_processor.py::TestAnalyze::test_describe [32mPASSED[0m[33m [  6%][0m
tests/data_processing/test_data_processor.py::TestAnalyze::test_correlate [32mPASSED[0m[33m [  6%][0m
tests/data_processing/test_data_processor.py::TestExport::test_export_csv [32mPASSED[0m[33m [  7%][0m
tests/data_processing/test_data_processor.py::TestExport::test_export_json [32mPASSED[0m[33m [  7%][0m
tests/data_processing/test_data_processor.py::TestExport::test_export_parquet [32mPASSED[0m[33m [  7%][0m
tests/data_processing/test_data_processor.py::TestExport::test_export_unsupported [32mPASSED[0m[33m [  7%][0m
tests/data_processing/test_data_processor.py::TestHistory::test_history_records_operations [32mPASSED[0m[33m [  7%][0m
tests/data_processor/test_integrated_app.py::TestIntegratedCSVProcessorApp::test_file_format_detector [32mPASSED[0m[33m [  7%][0m
tests/data_processor/test_integrated_app.py::TestIntegratedCSVProcessorApp::test_initialization [32mPASSED[0m[33m [  7%][0m
tests/data_processor/test_integrated_app.py::TestIntegratedCSVProcessorApp::test_parquet_analyzer [32mPASSED[0m[33m [  7%][0m
tests/data_processor/test_integrated_app.py::TestIntegratedCSVProcessorApp::test_split_config_defaults [32mPASSED[0m[33m [  8%][0m
tests/data_processor/test_vectorized_filter_engine.py::TestVectorizedFilterEngine::test_apply_butterworth_vectorized [32mPASSED[0m[33m [  8%][0m
tests/data_processor/test_vectorized_filter_engine.py::TestVectorizedFilterEngine::test_apply_hampel_vectorized [32mPASSED[0m[33m [  8%][0m
tests/data_processor/test_vectorized_filter_engine.py::TestVectorizedFilterEngine::test_apply_median_vectorized [32mPASSED[0m[33m [  8%][0m
tests/data_processor/test_vectorized_filter_engine.py::TestVectorizedFilterEngine::test_apply_moving_average_vectorized [32mPASSED[0m[33m [  8%][0m
tests/data_processor/test_vectorized_filter_engine.py::TestVectorizedFilterEngine::test_apply_savgol_vectorized [32mPASSED[0m[33m [  8%][0m
tests/data_processor/test_vectorized_filter_engine.py::TestVectorizedFilterEngine::test_apply_zscore_vectorized [32mPASSED[0m[33m [  8%][0m
tests/data_processor/test_vectorized_filter_engine.py::TestVectorizedFilterEngine::test_batch_processing [32mPASSED[0m[33m [  8%][0m
tests/glass_bath_fea/test_geometry_sync.py::TestGeometryValidation::test_valid_default_config [32mPASSED[0m[33m [  9%][0m
tests/glass_bath_fea/test_geometry_sync.py::TestGeometryValidation::test_insertion_too_deep [32mPASSED[0m[33m [  9%][0m
tests/glass_bath_fea/test_geometry_sync.py::TestGeometryValidation::test_insertion_too_shallow [32mPASSED[0m[33m [  9%][0m
tests/glass_bath_fea/test_geometry_sync.py::TestGeometryValidation::test_electrode_larger_than_radius [32mPASSED[0m[33m [  9%][0m
tests/glass_bath_fea/test_geometry_sync.py::TestGeometryValidation::test_zero_glass_depth [32mPASSED[0m[33m [  9%][0m
tests/glass_bath_fea/test_geometry_sync.py::TestGeometryValidation::test_warning_for_tight_clearance [32mPASSED[0m[33m [  9%][0m
tests/glass_bath_fea/test_geometry_sync.py::TestGeometrySynchronisation::test_sync_produces_fea_config [32mPASSED[0m[33m [  9%][0m
tests/glass_bath_fea/test_geometry_sync.py::TestGeometrySynchronisation::test_dimensions_match [32mPASSED[0m[33m [  9%][0m
tests/glass_bath_fea/test_geometry_sync.py::TestGeometrySynchronisation::test_operating_temperature_matches [32mPASSED[0m[33m [ 10%][0m
tests/glass_bath_fea/test_geometry_sync.py::TestGeometrySynchronisation::test_phase_voltages_match [32mPASSED[0m[33m [ 10%][0m
tests/glass_bath_fea/test_geometry_sync.py::TestGeometrySynchronisation::test_insertion_depth_from_electrode_depths [32mPASSED[0m[33m [ 10%][0m
tests/glass_bath_fea/test_geometry_sync.py::TestGeometrySynchronisation::test_sync_raises_on_invalid_config [32mPASSED[0m[33m [ 10%][0m
tests/glass_bath_fea/test_geometry_sync.py::TestElectrodePositionsFEA::test_positions_count [32mPASSED[0m[33m [ 10%][0m
tests/glass_bath_fea/test_geometry_sync.py::TestElectrodePositionsFEA::test_positions_in_metres [32mPASSED[0m[33m [ 10%][0m
tests/glass_bath_fea/test_geometry_sync.py::TestElectrodePositionsFEA::test_base_at_vessel_wall [32mPASSED[0m[33m [ 10%][0m
tests/glass_bath_fea/test_geometry_sync.py::TestElectrodePositionsFEA::test_tip_inside_vessel [32mPASSED[0m[33m [ 10%][0m
tests/glass_bath_fea/test_geometry_sync.py::TestElectrodePositionsFEA::test_angular_spacing [32mPASSED[0m[33m [ 11%][0m
tests/glass_bath_fea/test_geometry_sync.py::TestSyncReport::test_export_creates_file [32mPASSED[0m[33m [ 11%][0m
tests/glass_bath_fea/test_geometry_sync.py::TestGeometryGeneratorConsistency::test_vessel_volumes_positive [32mPASSED[0m[33m [ 11%][0m
tests/glass_bath_fea/test_geometry_sync.py::TestGeometryGeneratorConsistency::test_electrode_geometry_count [32mPASSED[0m[33m [ 11%][0m
tests/glass_bath_fea/test_geometry_sync.py::TestGeometryGeneratorConsistency::test_material_ids [32mPASSED[0m[33m [ 11%][0m
tests/glass_bath_fea/test_mesh_export_pipeline.py::TestMeshExportPipelineDirectConfig::test_export_all_formats [32mPASSED[0m[33m [ 11%][0m
tests/glass_bath_fea/test_mesh_export_pipeline.py::TestMeshExportPipelineDirectConfig::test_export_msh_only [32mPASSED[0m[33m [ 11%][0m
tests/glass_bath_fea/test_mesh_export_pipeline.py::TestMeshExportPipelineDirectConfig::test_export_mat_only [32mPASSED[0m[33m [ 11%][0m
tests/glass_bath_fea/test_mesh_export_pipeline.py::TestMeshExportPipelineDirectConfig::test_export_json_metadata [32mPASSED[0m[33m [ 12%][0m
tests/glass_bath_fea/test_mesh_export_pipeline.py::TestMeshExportPipelineDirectConfig::test_mesh_statistics_populated [32mPASSED[0m[33m [ 12%][0m
tests/glass_bath_fea/test_mesh_export_pipeline.py::TestMeshExportPipelineDirectConfig::test_custom_physical_names [32mPASSED[0m[33m [ 12%][0m
tests/glass_bath_fea/test_mesh_export_pipeline.py::TestMeshExportPipelineWithSync::test_sync_and_export [32mPASSED[0m[33m [ 12%][0m
tests/glass_bath_fea/test_mesh_export_pipeline.py::TestMeshExportPipelineWithSync::test_invalid_electrode_config_returns_error [32mPASSED[0m[33m [ 12%][0m
tests/glass_bath_fea/test_mesh_export_pipeline.py::TestMeshValidation::test_validate_mesh_data_valid [32mPASSED[0m[33m [ 12%][0m
tests/glass_bath_fea/test_mesh_export_pipeline.py::TestMeshValidation::test_validate_mesh_data_empty_nodes [32mPASSED[0m[33m [ 12%][0m
tests/glass_bath_fea/test_mesh_export_pipeline.py::TestMeshValidation::test_validate_mesh_data_bad_index [32mPASSED[0m[33m [ 12%][0m
tests/glass_bath_fea/test_mesh_export_pipeline.py::TestMshRoundTrip::test_round_trip [32mPASSED[0m[33m [ 12%][0m
tests/scripts/test_generate_tools_json.py::test_generate_manifest_structure [32mPASSED[0m[33m [ 13%][0m
tests/scripts/test_generate_tools_json.py::test_dual_surface_expansion [32mPASSED[0m[33m [ 13%][0m
tests/scripts/test_generate_tools_json.py::test_idempotency [32mPASSED[0m[33m       [ 13%][0m
tests/shared/python/chat/test_chat_dock_widget.py::TestSessionFileHelpers::test_session_file_path [32mPASSED[0m[33m [ 13%][0m
tests/shared/python/chat/test_chat_dock_widget.py::TestSessionFileHelpers::test_write_and_read [32mPASSED[0m[33m [ 13%][0m
tests/shared/python/chat/test_chat_dock_widget.py::TestSessionFileHelpers::test_read_missing_file [32mPASSED[0m[33m [ 13%][0m
tests/shared/python/chat/test_chat_dock_widget.py::TestSessionFileHelpers::test_read_empty_file [32mPASSED[0m[33m [ 13%][0m
tests/shared/python/chat/test_chat_dock_widget.py::TestSessionFileHelpers::test_write_creates_parent_dirs [32mPASSED[0m[33m [ 13%][0m
tests/shared/python/chat/test_chat_dock_widget.py::TestChatMessageBubble::test_user_bubble [32mPASSED[0m[33m [ 14%][0m
tests/shared/python/chat/test_chat_dock_widget.py::TestChatMessageBubble::test_assistant_bubble [32mPASSED[0m[33m [ 14%][0m
tests/shared/python/chat/test_chat_dock_widget.py::TestChatMessageBubble::test_append_content [32mPASSED[0m[33m [ 14%][0m
tests/shared/python/chat/test_chat_dock_widget.py::TestChatMessageBubble::test_set_content [32mPASSED[0m[33m [ 14%][0m
tests/shared/python/chat/test_chat_dock_widget.py::TestChatMessageBubble::test_custom_accent_color [32mPASSED[0m[33m [ 14%][0m
tests/shared/python/chat/test_chat_dock_widget.py::TestChatDockWidget::test_construction_defaults [32mPASSED[0m[33m [ 14%][0m
tests/shared/python/chat/test_chat_dock_widget.py::TestChatDockWidget::test_custom_parameters [32mPASSED[0m[33m [ 14%][0m
tests/shared/python/chat/test_chat_dock_widget.py::TestChatDockWidget::test_explicit_session_id [32mPASSED[0m[33m [ 14%][0m
tests/shared/python/chat/test_models.py::TestChatMessageRequest::test_valid_message [32mPASSED[0m[33m [ 15%][0m
tests/shared/python/chat/test_models.py::TestChatMessageRequest::test_with_app_context [32mPASSED[0m[33m [ 15%][0m
tests/shared/python/chat/test_models.py::TestChatMessageRequest::test_message_min_length [32mPASSED[0m[33m [ 15%][0m
tests/shared/python/chat/test_models.py::TestChatMessageRequest::test_message_max_length [32mPASSED[0m[33m [ 15%][0m
tests/shared/python/chat/test_models.py::TestChatMessageRequest::test_custom_expertise_level [32mPASSED[0m[33m [ 15%][0m
tests/shared/python/chat/test_models.py::TestChatChunkResponse::test_defaults [32mPASSED[0m[33m [ 15%][0m
tests/shared/python/chat/test_models.py::TestChatChunkResponse::test_final_chunk [32mPASSED[0m[33m [ 15%][0m
tests/shared/python/chat/test_models.py::TestChatSessionInfo::test_construction [32mPASSED[0m[33m [ 15%][0m
tests/shared/python/chat/test_models.py::TestChatSessionInfo::test_with_contexts [32mPASSED[0m[33m [ 16%][0m
tests/shared/python/chat/test_models.py::TestChatHistoryResponse::test_empty_history [32mPASSED[0m[33m [ 16%][0m
tests/shared/python/chat/test_models.py::TestChatHistoryResponse::test_with_messages [32mPASSED[0m[33m [ 16%][0m
tests/shared/python/notes/test_storage.py::TestNotesStorage::test_save_and_load_roundtrip [32mPASSED[0m[33m [ 16%][0m
tests/shared/python/notes/test_storage.py::TestNotesStorage::test_clear_keeps_notes_file [32mPASSED[0m[33m [ 16%][0m
tests/shared/python/notes/test_storage.py::TestNotesStorage::test_safe_delete_moves_notes_to_recycle_bin [32mPASSED[0m[33m [ 16%][0m
tests/shared/python/notes/test_storage.py::TestNotesStorage::test_restore_recycled_note [32mPASSED[0m[33m [ 16%][0m
tests/shared/python/notes/test_storage.py::TestNotesStorage::test_delete_is_reversible_until_purged [32mPASSED[0m[33m [ 16%][0m
tests/shared/python/notes/test_storage.py::TestNotesStorage::test_requires_existing_project_directory [32mPASSED[0m[33m [ 17%][0m
tests/shared/python/plot_theme/test_integration.py::TestApplyPlotTheme::test_returns_manager [32mPASSED[0m[33m [ 17%][0m
tests/shared/python/plot_theme/test_integration.py::TestApplyPlotTheme::test_without_theme_name [32mPASSED[0m[33m [ 17%][0m
tests/shared/python/plot_theme/test_integration.py::TestGetThemeColors::test_returns_color_dict [32mPASSED[0m[33m [ 17%][0m
tests/shared/python/plot_theme/test_integration.py::TestGetThemeColors::test_colors_are_hex [32mPASSED[0m[33m [ 17%][0m
tests/shared/python/plot_theme/test_integration.py::TestGetThemeColors::test_without_theme_name [32mPASSED[0m[33m [ 17%][0m
tests/shared/python/plot_theme/test_integration.py::TestPlotThemeMixin::test_setup_plot_theme [32mPASSED[0m[33m [ 17%][0m
tests/shared/python/plot_theme/test_integration.py::TestPlotThemeMixin::test_set_plot_theme [32mPASSED[0m[33m [ 17%][0m
tests/shared/python/plot_theme/test_integration.py::TestPlotThemeMixin::test_get_plot_colors [32mPASSED[0m[33m [ 18%][0m
tests/shared/python/plot_theme/test_integration.py::TestPlotThemeMixin::test_theme_change_callback [32mPASSED[0m[33m [ 18%][0m
tests/shared/python/plot_theme/test_integration.py::TestCreateThemedFigure::test_creates_figure_and_axes [32mPASSED[0m[33m [ 18%][0m
tests/shared/python/plot_theme/test_integration.py::TestStyleAxis::test_styles_axis [32mPASSED[0m[33m [ 18%][0m
tests/shared/python/plot_theme/test_manager.py::TestPlotThemeManager::test_manager_creation [32mPASSED[0m[33m [ 18%][0m
tests/shared/python/plot_theme/test_manager.py::TestPlotThemeManager::test_current_theme_property [32mPASSED[0m[33m [ 18%][0m
tests/shared/python/plot_theme/test_manager.py::TestPlotThemeManager::test_get_available_themes [32mPASSED[0m[33m [ 18%][0m
tests/shared/python/plot_theme/test_manager.py::TestPlotThemeManager::test_get_theme_display_names [32mPASSED[0m[33m [ 18%][0m
tests/shared/python/plot_theme/test_manager.py::TestPlotThemeManager::test_set_theme [32mPASSED[0m[33m [ 19%][0m
tests/shared/python/plot_theme/test_manager.py::TestPlotThemeManager::test_set_theme_case_insensitive [32mPASSED[0m[33m [ 19%][0m
tests/shared/python/plot_theme/test_manager.py::TestPlotThemeManager::test_set_theme_invalid [32mPASSED[0m[33m [ 19%][0m
tests/shared/python/plot_theme/test_manager.py::TestPlotThemeManager::test_theme_change_callback [32mPASSED[0m[33m [ 19%][0m
tests/shared/python/plot_theme/test_manager.py::TestPlotThemeManager::test_remove_callback [32mPASSED[0m[33m [ 19%][0m
tests/shared/python/plot_theme/test_manager.py::TestPlotThemeManager::test_get_colors [32mPASSED[0m[33m [ 19%][0m
tests/shared/python/plot_theme/test_manager.py::TestPlotThemeManager::test_get_histogram_style [32mPASSED[0m[33m [ 19%][0m
tests/shared/python/plot_theme/test_manager.py::TestPlotThemeManager::test_get_scatter_style [32mPASSED[0m[33m [ 19%][0m
tests/shared/python/plot_theme/test_manager.py::TestPlotThemeManager::test_get_line_style [32mPASSED[0m[33m [ 20%][0m
tests/shared/python/plot_theme/test_manager.py::TestPlotThemeManager::test_get_fit_line_style [32mPASSED[0m[33m [ 20%][0m
tests/shared/python/plot_theme/test_manager.py::TestPlotThemeManagerMatplotlib::test_apply_to_matplotlib [32mPASSED[0m[33m [ 20%][0m
tests/shared/python/plot_theme/test_manager.py::TestGetPlotThemeManager::test_returns_manager [32mPASSED[0m[33m [ 20%][0m
tests/shared/python/plot_theme/test_manager.py::TestGetPlotThemeManager::test_returns_same_instance [32mPASSED[0m[33m [ 20%][0m
tests/shared/python/plot_theme/test_themes.py::TestPlotTheme::test_plot_theme_creation [32mPASSED[0m[33m [ 20%][0m
tests/shared/python/plot_theme/test_themes.py::TestPlotTheme::test_plot_theme_custom_values [32mPASSED[0m[33m [ 20%][0m
tests/shared/python/plot_theme/test_themes.py::TestPlotTheme::test_get_color_cycle [32mPASSED[0m[33m [ 20%][0m
tests/shared/python/plot_theme/test_themes.py::TestPlotTheme::test_to_rcparams [32mPASSED[0m[33m [ 21%][0m
tests/shared/python/plot_theme/test_themes.py::TestPlotThemeRegistry::test_default_theme_exists [32mPASSED[0m[33m [ 21%][0m
tests/shared/python/plot_theme/test_themes.py::TestPlotThemeRegistry::test_all_themes_valid [32mPASSED[0m[33m [ 21%][0m
tests/shared/python/plot_theme/test_themes.py::TestPlotThemeRegistry::test_get_theme_exact_name [32mPASSED[0m[33m [ 21%][0m
tests/shared/python/plot_theme/test_themes.py::TestPlotThemeRegistry::test_get_theme_case_insensitive [32mPASSED[0m[33m [ 21%][0m
tests/shared/python/plot_theme/test_themes.py::TestPlotThemeRegistry::test_get_theme_with_hyphens [32mPASSED[0m[33m [ 21%][0m
tests/shared/python/plot_theme/test_themes.py::TestPlotThemeRegistry::test_get_theme_with_spaces [32mPASSED[0m[33m [ 21%][0m
tests/shared/python/plot_theme/test_themes.py::TestPlotThemeRegistry::test_get_theme_not_found [32mPASSED[0m[33m [ 21%][0m
tests/shared/python/plot_theme/test_themes.py::TestPlotThemeRegistry::test_get_theme_names [32mPASSED[0m[33m [ 22%][0m
tests/shared/python/plot_theme/test_themes.py::TestPlotThemeRegistry::test_register_theme [32mPASSED[0m[33m [ 22%][0m
tests/shared/python/plot_theme/test_themes.py::TestBuiltInThemes::test_theme_has_required_colors[scientific_violet] [32mPASSED[0m[33m [ 22%][0m
tests/shared/python/plot_theme/test_themes.py::TestBuiltInThemes::test_theme_has_required_colors[scientific_violet_dark] [32mPASSED[0m[33m [ 22%][0m
tests/shared/python/plot_theme/test_themes.py::TestBuiltInThemes::test_theme_has_required_colors[catppuccin_mocha] [32mPASSED[0m[33m [ 22%][0m
tests/shared/python/plot_theme/test_themes.py::TestBuiltInThemes::test_theme_has_required_colors[catppuccin_latte] [32mPASSED[0m[33m [ 22%][0m
tests/shared/python/plot_theme/test_themes.py::TestBuiltInThemes::test_theme_has_required_colors[dracula] [32mPASSED[0m[33m [ 22%][0m
tests/shared/python/plot_theme/test_themes.py::TestBuiltInThemes::test_theme_has_required_colors[nord] [32mPASSED[0m[33m [ 22%][0m
tests/shared/python/plot_theme/test_themes.py::TestBuiltInThemes::test_theme_has_required_colors[solarized_dark] [32mPASSED[0m[33m [ 23%][0m
tests/shared/python/plot_theme/test_themes.py::TestBuiltInThemes::test_theme_has_required_colors[solarized_light] [32mPASSED[0m[33m [ 23%][0m
tests/shared/python/plot_theme/test_themes.py::TestBuiltInThemes::test_theme_has_required_colors[one_dark] [32mPASSED[0m[33m [ 23%][0m
tests/shared/python/plot_theme/test_themes.py::TestBuiltInThemes::test_theme_has_required_colors[gruvbox_dark] [32mPASSED[0m[33m [ 23%][0m
tests/shared/python/plot_theme/test_themes.py::TestBuiltInThemes::test_theme_has_required_colors[material_dark] [32mPASSED[0m[33m [ 23%][0m
tests/shared/python/plot_theme/test_themes.py::TestBuiltInThemes::test_theme_has_required_colors[tokyo_night] [32mPASSED[0m[33m [ 23%][0m
tests/shared/python/plot_theme/test_themes.py::TestBuiltInThemes::test_theme_has_required_colors[classic_light] [32mPASSED[0m[33m [ 23%][0m
tests/shared/python/plot_theme/test_themes.py::TestBuiltInThemes::test_theme_has_required_colors[classic_dark] [32mPASSED[0m[33m [ 23%][0m
tests/shared/python/plot_theme/test_themes.py::TestBuiltInThemes::test_theme_rcparams_valid[scientific_violet] [32mPASSED[0m[33m [ 24%][0m
tests/shared/python/plot_theme/test_themes.py::TestBuiltInThemes::test_theme_rcparams_valid[catppuccin_mocha] [32mPASSED[0m[33m [ 24%][0m
tests/shared/python/plot_theme/test_themes.py::TestBuiltInThemes::test_theme_rcparams_valid[dracula] [32mPASSED[0m[33m [ 24%][0m
tests/shared/python/plot_theme/test_themes.py::TestBuiltInThemes::test_theme_rcparams_valid[nord] [32mPASSED[0m[33m [ 24%][0m
tests/shared/python/plot_theme/test_themes.py::TestBuiltInThemes::test_scientific_violet_theme [32mPASSED[0m[33m [ 24%][0m
tests/shared/python/plot_theme/test_themes.py::TestBuiltInThemes::test_dark_themes_have_dark_backgrounds [32mPASSED[0m[33m [ 24%][0m
tests/shared/python/plot_theme/test_themes.py::TestBuiltInThemes::test_light_themes_have_light_backgrounds [32mPASSED[0m[33m [ 24%][0m
tests/shared/python/theme/test_colors.py::TestHexColorValidation::test_valid_6_char_hex [32mPASSED[0m[33m [ 24%][0m
tests/shared/python/theme/test_colors.py::TestHexColorValidation::test_valid_3_char_hex [32mPASSED[0m[33m [ 25%][0m
tests/shared/python/theme/test_colors.py::TestHexColorValidation::test_valid_4_char_hex [32mPASSED[0m[33m [ 25%][0m
tests/shared/python/theme/test_colors.py::TestHexColorValidation::test_invalid_hex [32mPASSED[0m[33m [ 25%][0m
tests/shared/python/theme/test_colors.py::TestHexColorValidation::test_normalise_6_char [32mPASSED[0m[33m [ 25%][0m
tests/shared/python/theme/test_colors.py::TestHexColorValidation::test_normalise_3_char [32mPASSED[0m[33m [ 25%][0m
tests/shared/python/theme/test_colors.py::TestHexColorValidation::test_normalise_invalid_raises [32mPASSED[0m[33m [ 25%][0m
tests/shared/python/theme/test_colors.py::TestBuiltinThemes::test_all_themes_have_required_keys [32mPASSED[0m[33m [ 25%][0m
tests/shared/python/theme/test_colors.py::TestBuiltinThemes::test_all_theme_colors_are_valid_hex [32mPASSED[0m[33m [ 25%][0m
tests/shared/python/theme/test_colors.py::TestBuiltinThemes::test_expected_themes_exist [32mPASSED[0m[33m [ 25%][0m
tests/shared/python/theme/test_colors.py::TestBuiltinThemes::test_theme_count [32mPASSED[0m[33m [ 26%][0m
tests/shared/python/theme/test_colors.py::TestChartColors::test_chart_colors_are_valid_hex [32mPASSED[0m[33m [ 26%][0m
tests/shared/python/theme/test_colors.py::TestChartColors::test_chart_colors_count [32mPASSED[0m[33m [ 26%][0m
tests/shared/python/theme/test_colors.py::TestGetRgba::test_basic_conversion [32mPASSED[0m[33m [ 26%][0m
tests/shared/python/theme/test_colors.py::TestGetRgba::test_alpha_parameter [32mPASSED[0m[33m [ 26%][0m
tests/shared/python/theme/test_colors.py::TestGetRgba::test_8_char_hex_with_alpha [32mPASSED[0m[33m [ 26%][0m
tests/shared/python/theme/test_colors.py::TestIsDarkTheme::test_light_theme_is_not_dark [32mPASSED[0m[33m [ 26%][0m
tests/shared/python/theme/test_colors.py::TestIsDarkTheme::test_dark_theme_is_dark [32mPASSED[0m[33m [ 26%][0m
tests/shared/python/theme/test_colors.py::TestIsDarkTheme::test_monokai_is_dark [32mPASSED[0m[33m [ 27%][0m
tests/shared/python/theme/test_colors.py::TestIsDarkTheme::test_unknown_theme_returns_false [32mPASSED[0m[33m [ 27%][0m
tests/shared/python/theme/test_theme_manager.py::TestThemeManagerSingleton::test_instance_returns_same_object [32mPASSED[0m[33m [ 27%][0m
tests/shared/python/theme/test_theme_manager.py::TestThemeManagerSingleton::test_reset_instance_clears_singleton [32mPASSED[0m[33m [ 27%][0m
tests/shared/python/theme/test_theme_manager.py::TestThemeQueries::test_get_available_themes [32mPASSED[0m[33m [ 27%][0m
tests/shared/python/theme/test_theme_manager.py::TestThemeQueries::test_get_builtin_themes [32mPASSED[0m[33m [ 27%][0m
tests/shared/python/theme/test_theme_manager.py::TestThemeQueries::test_get_custom_theme_names_empty [32mPASSED[0m[33m [ 27%][0m
tests/shared/python/theme/test_theme_manager.py::TestThemeQueries::test_get_current_theme_name [32mPASSED[0m[33m [ 27%][0m
tests/shared/python/theme/test_theme_manager.py::TestThemeQueries::test_get_current_colors [32mPASSED[0m[33m [ 28%][0m
tests/shared/python/theme/test_theme_manager.py::TestThemeQueries::test_get_theme_colors_builtin [32mPASSED[0m[33m [ 28%][0m
tests/shared/python/theme/test_theme_manager.py::TestThemeQueries::test_get_theme_colors_nonexistent [32mPASSED[0m[33m [ 28%][0m
tests/shared/python/theme/test_theme_manager.py::TestThemeApplication::test_change_theme_valid [32mPASSED[0m[33m [ 28%][0m
tests/shared/python/theme/test_theme_manager.py::TestThemeApplication::test_change_theme_invalid_ignored [32mPASSED[0m[33m [ 28%][0m
tests/shared/python/theme/test_theme_manager.py::TestThemeApplication::test_theme_changed_signal_emitted [32mPASSED[0m[33m [ 28%][0m
tests/shared/python/theme/test_theme_manager.py::TestThemeApplication::test_get_theme_stylesheet [32mPASSED[0m[33m [ 28%][0m
tests/shared/python/theme/test_theme_manager.py::TestThemeApplication::test_get_current_stylesheet [32mPASSED[0m[33m [ 28%][0m
tests/shared/python/theme/test_theme_manager.py::TestCustomThemes::test_save_custom_theme [32mPASSED[0m[33m [ 29%][0m
tests/shared/python/theme/test_theme_manager.py::TestCustomThemes::test_save_custom_theme_empty_name_raises [32mPASSED[0m[33m [ 29%][0m
tests/shared/python/theme/test_theme_manager.py::TestCustomThemes::test_save_custom_theme_builtin_name_raises [32mPASSED[0m[33m [ 29%][0m
tests/shared/python/theme/test_theme_manager.py::TestCustomThemes::test_save_custom_theme_missing_colors_raises [32mPASSED[0m[33m [ 29%][0m
tests/shared/python/theme/test_theme_manager.py::TestCustomThemes::test_delete_custom_theme [32mPASSED[0m[33m [ 29%][0m
tests/shared/python/theme/test_theme_manager.py::TestCustomThemes::test_delete_custom_theme_nonexistent [32mPASSED[0m[33m [ 29%][0m
tests/shared/python/theme/test_theme_manager.py::TestCustomThemes::test_delete_current_theme_switches_to_light [32mPASSED[0m[33m [ 29%][0m
tests/shared/python/theme/test_theme_manager.py::TestInheritance::test_inherit_option_available_with_context [32mPASSED[0m[33m [ 29%][0m
tests/shared/python/theme/test_theme_manager.py::TestInheritance::test_inherit_option_not_available_without_context [32mPASSED[0m[33m [ 30%][0m
tests/test_compatibility.py::TestCheckPythonVersionContract::test_does_not_exit_on_valid_version [32mPASSED[0m[33m [ 30%][0m
tests/test_compatibility.py::TestUTCConstant::test_utc_is_timezone [32mPASSED[0m[33m [ 30%][0m
tests/test_compatibility.py::TestUTCConstant::test_utc_matches_standard_utc [32mPASSED[0m[33m [ 30%][0m
tests/test_compatibility.py::TestStrEnumContract::test_is_enum_subclass [32mPASSED[0m[33m [ 30%][0m
tests/test_compatibility.py::TestStrEnumContract::test_members_are_strings [32mPASSED[0m[33m [ 30%][0m
tests/test_compatibility.py::TestStrEnum::test_str_returns_value [32mPASSED[0m[33m  [ 30%][0m
tests/test_compatibility.py::TestStrEnum::test_repr_format [32mPASSED[0m[33m        [ 30%][0m
tests/test_compatibility.py::TestStrEnum::test_value_comparison [32mPASSED[0m[33m   [ 31%][0m
tests/test_compatibility.py::TestStrEnum::test_can_use_in_string_operations [32mPASSED[0m[33m [ 31%][0m
tests/test_compatibility.py::TestStrEnum::test_membership_in_list [32mPASSED[0m[33m [ 31%][0m
tests/test_compatibility.py::TestStrEnum::test_as_dict_key [32mPASSED[0m[33m        [ 31%][0m
tests/test_compatibility.py::TestStrEnum::test_iteration [32mPASSED[0m[33m          [ 31%][0m
tests/test_compatibility.py::TestStrEnum::test_comparison_with_enum [32mPASSED[0m[33m [ 31%][0m
tests/test_config_loader.py::TestConfigLoaderContract::test_load_returns_dict [32mPASSED[0m[33m [ 31%][0m
tests/test_config_loader.py::TestConfigLoaderContract::test_get_returns_value_or_default [32mPASSED[0m[33m [ 31%][0m
tests/test_config_loader.py::TestConfigLoaderContract::test_save_returns_bool [32mPASSED[0m[33m [ 32%][0m
tests/test_config_loader.py::TestConfigLoader::test_loads_existing_config [32mPASSED[0m[33m [ 32%][0m
tests/test_config_loader.py::TestConfigLoader::test_uses_default_when_file_missing [32mPASSED[0m[33m [ 32%][0m
tests/test_config_loader.py::TestConfigLoader::test_caches_loaded_config [32mPASSED[0m[33m [ 32%][0m
tests/test_config_loader.py::TestConfigLoader::test_reload_forces_refresh [32mPASSED[0m[33m [ 32%][0m
tests/test_config_loader.py::TestConfigLoader::test_get_with_dot_notation [32mPASSED[0m[33m [ 32%][0m
tests/test_config_loader.py::TestConfigLoader::test_get_returns_default_for_missing_nested [32mPASSED[0m[33m [ 32%][0m
tests/test_config_loader.py::TestConfigLoader::test_set_creates_nested_keys [32mPASSED[0m[33m [ 32%][0m
tests/test_config_loader.py::TestConfigLoader::test_save_writes_to_file [32mPASSED[0m[33m [ 33%][0m
tests/test_config_loader.py::TestConfigLoader::test_save_returns_false_when_not_loaded [32mPASSED[0m[33m [ 33%][0m
tests/test_config_loader.py::TestLoadConfigContract::test_returns_dict [32mPASSED[0m[33m [ 33%][0m
tests/test_config_loader.py::TestLoadConfig::test_loads_config_from_file [32mPASSED[0m[33m [ 33%][0m
tests/test_config_loader.py::TestLoadConfig::test_uses_default_when_missing [32mPASSED[0m[33m [ 33%][0m
tests/test_config_loader.py::TestLoadConfig::test_accepts_string_path [32mPASSED[0m[33m [ 33%][0m
tests/test_csv_utils.py::TestSafeReadCsvContract::test_returns_dataframe [32mPASSED[0m[33m [ 33%][0m
tests/test_csv_utils.py::TestSafeReadCsvContract::test_returns_default_for_missing_file [32mPASSED[0m[33m [ 33%][0m
tests/test_csv_utils.py::TestSafeReadCsv::test_reads_valid_csv [32mPASSED[0m[33m    [ 34%][0m
tests/test_csv_utils.py::TestSafeReadCsv::test_returns_custom_default [32mPASSED[0m[33m [ 34%][0m
tests/test_csv_utils.py::TestSafeReadCsv::test_passes_kwargs_to_pandas [32mPASSED[0m[33m [ 34%][0m
tests/test_csv_utils.py::TestSafeReadCsv::test_accepts_string_path [32mPASSED[0m[33m [ 34%][0m
tests/test_csv_utils.py::TestSafeWriteCsvContract::test_returns_bool [32mPASSED[0m[33m [ 34%][0m
tests/test_csv_utils.py::TestSafeWriteCsv::test_writes_csv_file [32mPASSED[0m[33m   [ 34%][0m
tests/test_csv_utils.py::TestSafeWriteCsv::test_creates_parent_directories [32mPASSED[0m[33m [ 34%][0m
tests/test_csv_utils.py::TestSafeWriteCsv::test_respects_create_parents_false [32mPASSED[0m[33m [ 34%][0m
tests/test_csv_utils.py::TestSafeWriteCsv::test_passes_kwargs_to_to_csv [32mPASSED[0m[33m [ 35%][0m
tests/test_csv_utils.py::TestReadCsvWithValidationContract::test_returns_dataframe_or_none [32mPASSED[0m[33m [ 35%][0m
tests/test_csv_utils.py::TestReadCsvWithValidation::test_returns_df_when_valid [32mPASSED[0m[33m [ 35%][0m
tests/test_csv_utils.py::TestReadCsvWithValidation::test_returns_none_for_missing_columns [32mPASSED[0m[33m [ 35%][0m
tests/test_csv_utils.py::TestReadCsvWithValidation::test_returns_none_for_empty_file [32mPASSED[0m[33m [ 35%][0m
tests/test_csv_utils.py::TestReadCsvWithValidation::test_no_required_columns [32mPASSED[0m[33m [ 35%][0m
tests/test_csv_utils.py::TestMergeCsvFilesContract::test_returns_bool [32mPASSED[0m[33m [ 35%][0m
tests/test_csv_utils.py::TestMergeCsvFiles::test_merges_multiple_files [32mPASSED[0m[33m [ 35%][0m
tests/test_csv_utils.py::TestMergeCsvFiles::test_returns_false_for_no_valid_files [32mPASSED[0m[33m [ 36%][0m
tests/test_csv_utils.py::TestMergeCsvFiles::test_skips_empty_files [32mPASSED[0m[33m [ 36%][0m
tests/test_debug_utils.py::TestDebugMode::test_is_debug_mode_default [32mPASSED[0m[33m [ 36%][0m
tests/test_debug_utils.py::TestDebugMode::test_set_debug_mode_on [32mPASSED[0m[33m  [ 36%][0m
tests/test_debug_utils.py::TestDebugMode::test_set_debug_mode_off [32mPASSED[0m[33m [ 36%][0m
tests/test_debug_utils.py::TestDebugMode::test_debug_only_runs_in_debug_mode [32mPASSED[0m[33m [ 36%][0m
tests/test_debug_utils.py::TestDebugMode::test_debug_only_skips_outside_debug_mode [32mPASSED[0m[33m [ 36%][0m
tests/test_debug_utils.py::TestProfilingUtilities::test_profile_decorator [32mPASSED[0m[33m [ 36%][0m
tests/test_debug_utils.py::TestProfilingUtilities::test_profile_block [32mPASSED[0m[33m [ 37%][0m
tests/test_debug_utils.py::TestProfilingUtilities::test_profile_result_str [32mPASSED[0m[33m [ 37%][0m
tests/test_debug_utils.py::TestTimingUtilities::test_timed_decorator [32mPASSED[0m[33m [ 37%][0m
tests/test_debug_utils.py::TestTimingUtilities::test_timed_decorator_with_threshold [32mPASSED[0m[33m [ 37%][0m
tests/test_debug_utils.py::TestTimingUtilities::test_timer_context_manager [32mPASSED[0m[33m [ 37%][0m
tests/test_debug_utils.py::TestTimingUtilities::test_timing_stats_properties [32mPASSED[0m[33m [ 37%][0m
tests/test_debug_utils.py::TestMemoryProfiling::test_get_memory_usage [32mPASSED[0m[33m [ 37%][0m
tests/test_debug_utils.py::TestMemoryProfiling::test_memory_tracker [32mPASSED[0m[33m [ 37%][0m
tests/test_debug_utils.py::TestMemoryProfiling::test_memory_profile_decorator [32mPASSED[0m[33m [ 37%][0m
tests/test_debug_utils.py::TestMemoryProfiling::test_memory_stats_str [32mPASSED[0m[33m [ 38%][0m
tests/test_debug_utils.py::TestExecutionTracing::test_execution_tracer_basic [32mPASSED[0m[33m [ 38%][0m
tests/test_debug_utils.py::TestExecutionTracing::test_trace_calls_decorator [32mPASSED[0m[33m [ 38%][0m
tests/test_debug_utils.py::TestStackInspection::test_get_call_stack [32mPASSED[0m[33m [ 38%][0m
tests/test_debug_utils.py::TestStackInspection::test_get_call_stack_with_locals [32mPASSED[0m[33m [ 38%][0m
tests/test_debug_utils.py::TestStackInspection::test_get_caller_info [32mPASSED[0m[33m [ 38%][0m
tests/test_debug_utils.py::TestStackInspection::test_stack_frame_str [32mPASSED[0m[33m [ 38%][0m
tests/test_debug_utils.py::TestDebugLogging::test_debug_log_in_debug_mode [32mPASSED[0m[33m [ 38%][0m
tests/test_debug_utils.py::TestDebugLogging::test_debug_log_outside_debug_mode [32mPASSED[0m[33m [ 39%][0m
tests/test_debug_utils.py::TestDebugLogging::test_debug_vars_in_debug_mode [32mPASSED[0m[33m [ 39%][0m
tests/test_debug_utils.py::TestExceptionDebugging::test_format_exception_with_locals [32mPASSED[0m[33m [ 39%][0m
tests/test_debug_utils.py::TestExceptionDebugging::test_debug_exception [32mPASSED[0m[33m [ 39%][0m
tests/test_debug_utils.py::TestSystemDiagnostics::test_get_system_diagnostics [32mPASSED[0m[33m [ 39%][0m
tests/test_debug_utils.py::TestSystemDiagnostics::test_get_system_diagnostics_with_env [32mPASSED[0m[33m [ 39%][0m
tests/test_debug_utils.py::TestSystemDiagnostics::test_get_system_diagnostics_with_modules [32mPASSED[0m[33m [ 39%][0m
tests/test_debug_utils.py::TestSystemDiagnostics::test_system_diagnostics_to_dict [32mPASSED[0m[33m [ 39%][0m
tests/test_debug_utils.py::TestPerformanceWatchdog::test_watchdog_record [32mPASSED[0m[33m [ 40%][0m
tests/test_debug_utils.py::TestPerformanceWatchdog::test_watchdog_watch_context [32mPASSED[0m[33m [ 40%][0m
tests/test_debug_utils.py::TestPerformanceWatchdog::test_watchdog_report [32mPASSED[0m[33m [ 40%][0m
tests/test_debug_utils.py::TestPerformanceWatchdog::test_get_global_watchdog [32mPASSED[0m[33m [ 40%][0m
tests/test_debug_utils.py::TestDeprecatedDecorator::test_deprecated_warning [32mPASSED[0m[33m [ 40%][0m
tests/test_debug_utils.py::TestDeprecatedDecorator::test_deprecated_without_reason [32mPASSED[0m[33m [ 40%][0m
tests/test_debug_utils.py::TestConditionalBreakpoint::test_conditional_breakpoint_false [32mPASSED[0m[33m [ 40%][0m
tests/test_debug_utils.py::TestConditionalBreakpoint::test_conditional_breakpoint_true [32mPASSED[0m[33m [ 40%][0m
tests/test_dependency_checker.py::TestDependencyStatusContract::test_has_required_fields [32mPASSED[0m[33m [ 41%][0m
tests/test_dependency_checker.py::TestCheckPythonVersionContract::test_returns_tuple [32mPASSED[0m[33m [ 41%][0m
tests/test_dependency_checker.py::TestCheckPythonVersion::test_returns_true_for_current_version [32mPASSED[0m[33m [ 41%][0m
tests/test_dependency_checker.py::TestCheckPythonVersion::test_returns_false_for_future_version [32mPASSED[0m[33m [ 41%][0m
tests/test_dependency_checker.py::TestCheckPythonVersion::test_version_string_format [32mPASSED[0m[33m [ 41%][0m
tests/test_dependency_checker.py::TestHasModuleContract::test_returns_bool [32mPASSED[0m[33m [ 41%][0m
tests/test_dependency_checker.py::TestHasModule::test_returns_true_for_stdlib [32mPASSED[0m[33m [ 41%][0m
tests/test_dependency_checker.py::TestHasModule::test_returns_false_for_nonexistent [32mPASSED[0m[33m [ 41%][0m
tests/test_dependency_checker.py::TestHasModule::test_uses_custom_spec_finder [32mPASSED[0m[33m [ 42%][0m
tests/test_dependency_checker.py::TestCheckDependenciesContract::test_returns_dependency_status [32mPASSED[0m[33m [ 42%][0m
tests/test_dependency_checker.py::TestCheckDependencies::test_all_present [32mPASSED[0m[33m [ 42%][0m
tests/test_dependency_checker.py::TestCheckDependencies::test_some_missing [32mPASSED[0m[33m [ 42%][0m
tests/test_dependency_checker.py::TestCheckDependencies::test_dict_format_input [32mPASSED[0m[33m [ 42%][0m
tests/test_dependency_checker.py::TestCheckDependencies::test_list_format_input [32mPASSED[0m[33m [ 42%][0m
tests/test_dependency_checker.py::TestCheckDependencies::test_custom_spec_finder [32mPASSED[0m[33m [ 42%][0m
tests/test_dependency_checker.py::TestInstallPackageContract::test_returns_bool [32mPASSED[0m[33m [ 42%][0m
tests/test_dependency_checker.py::TestInstallPackage::test_calls_pip_install [32mPASSED[0m[33m [ 43%][0m
tests/test_dependency_checker.py::TestInstallPackage::test_uses_package_map [32mPASSED[0m[33m [ 43%][0m
tests/test_dependency_checker.py::TestInstallPackage::test_upgrade_flag [32mPASSED[0m[33m [ 43%][0m
tests/test_dependency_checker.py::TestInstallPackage::test_returns_false_on_failure [32mPASSED[0m[33m [ 43%][0m
tests/test_dependency_checker.py::TestInstallMissingPackagesContract::test_returns_bool [32mPASSED[0m[33m [ 43%][0m
tests/test_dependency_checker.py::TestInstallMissingPackages::test_returns_true_for_empty_list [32mPASSED[0m[33m [ 43%][0m
tests/test_dependency_checker.py::TestInstallMissingPackages::test_installs_all_packages [32mPASSED[0m[33m [ 43%][0m
tests/test_dependency_checker.py::TestInstallMissingPackages::test_returns_false_if_any_fails [32mPASSED[0m[33m [ 43%][0m
tests/test_dependency_checker.py::TestFormatMissingDependenciesContract::test_returns_string [32mPASSED[0m[33m [ 44%][0m
tests/test_dependency_checker.py::TestFormatMissingDependencies::test_all_installed_message [32mPASSED[0m[33m [ 44%][0m
tests/test_dependency_checker.py::TestFormatMissingDependencies::test_lists_missing [32mPASSED[0m[33m [ 44%][0m
tests/test_dependency_checker.py::TestInstallFromRequirementsContract::test_returns_bool [32mPASSED[0m[33m [ 44%][0m
tests/test_dependency_checker.py::TestInstallFromRequirements::test_returns_false_for_missing_file [32mPASSED[0m[33m [ 44%][0m
tests/test_dependency_checker.py::TestInstallFromRequirements::test_installs_from_file [32mPASSED[0m[33m [ 44%][0m
tests/test_dry_compliance.py::TestWebLauncherDRY::test_launch_web_files_use_shared_function [32mPASSED[0m[33m [ 44%][0m
tests/test_dry_compliance.py::TestWebLauncherDRY::test_launch_web_files_import_gui_info [32mPASSED[0m[33m [ 44%][0m
tests/test_dry_compliance.py::TestGUIInfoWebConfig::test_web_config_exists_when_launch_web_exists [32mPASSED[0m[33m [ 45%][0m
tests/test_dry_compliance.py::TestGUIInfoWebConfig::test_web_config_has_port [32mPASSED[0m[33m [ 45%][0m
tests/test_dry_compliance.py::TestLaunchWebApp::test_importable [32mPASSED[0m[33m   [ 45%][0m
tests/test_dry_compliance.py::TestLaunchWebApp::test_launch_web_from_gui_info_importable [32mPASSED[0m[33m [ 45%][0m
tests/test_dry_compliance.py::TestLaunchWebApp::test_returns_error_for_missing_web_dir [32mPASSED[0m[33m [ 45%][0m
tests/test_dry_compliance.py::TestLaunchWebApp::test_returns_error_when_node_missing [32mPASSED[0m[33m [ 45%][0m
tests/test_dry_compliance.py::TestLaunchWebApp::test_launch_web_from_gui_info_returns_error_without_web_config [32mPASSED[0m[33m [ 45%][0m
tests/test_dry_compliance.py::TestPyQt6LauncherDRY::test_launch_pyqt6_files_use_bootstrap [31mFAILED[0m[31m [ 45%][0m
tests/test_dry_compliance.py::TestGetRepoRootConsistency::test_canonical_implementation_exists [32mPASSED[0m[31m [ 46%][0m
tests/test_dry_compliance.py::TestGetRepoRootConsistency::test_launch_utils_delegates_to_canonical [32mPASSED[0m[31m [ 46%][0m
tests/test_dry_compliance.py::TestGetRepoRootConsistency::test_path_setup_delegates_to_canonical [32mPASSED[0m[31m [ 46%][0m
tests/test_env_utils.py::TestGetEnvVarContract::test_returns_string_or_none [32mPASSED[0m[31m [ 46%][0m
tests/test_env_utils.py::TestGetEnvVarContract::test_raises_when_required_missing [32mPASSED[0m[31m [ 46%][0m
tests/test_env_utils.py::TestGetEnvVar::test_returns_existing_variable [32mPASSED[0m[31m [ 46%][0m
tests/test_env_utils.py::TestGetEnvVar::test_returns_default_for_missing [32mPASSED[0m[31m [ 46%][0m
tests/test_env_utils.py::TestGetEnvVar::test_returns_none_for_missing_without_default [32mPASSED[0m[31m [ 46%][0m
tests/test_env_utils.py::TestGetEnvVar::test_raises_for_required_missing [32mPASSED[0m[31m [ 47%][0m
tests/test_env_utils.py::TestGetEnvBoolContract::test_returns_bool [32mPASSED[0m[31m [ 47%][0m
tests/test_env_utils.py::TestGetEnvBool::test_true_values [32mPASSED[0m[31m         [ 47%][0m
tests/test_env_utils.py::TestGetEnvBool::test_false_values [32mPASSED[0m[31m        [ 47%][0m
tests/test_env_utils.py::TestGetEnvBool::test_default_is_false [32mPASSED[0m[31m    [ 47%][0m
tests/test_env_utils.py::TestGetEnvBool::test_custom_default [32mPASSED[0m[31m      [ 47%][0m
tests/test_env_utils.py::TestGetEnvIntContract::test_returns_int [32mPASSED[0m[31m  [ 47%][0m
tests/test_env_utils.py::TestGetEnvIntContract::test_raises_on_invalid_int [32mPASSED[0m[31m [ 47%][0m
tests/test_env_utils.py::TestGetEnvInt::test_parses_integer [32mPASSED[0m[31m       [ 48%][0m
tests/test_env_utils.py::TestGetEnvInt::test_parses_negative_integer [32mPASSED[0m[31m [ 48%][0m
tests/test_env_utils.py::TestGetEnvInt::test_default_is_zero [32mPASSED[0m[31m      [ 48%][0m
tests/test_env_utils.py::TestGetEnvInt::test_custom_default [32mPASSED[0m[31m       [ 48%][0m
tests/test_env_utils.py::TestGetEnvInt::test_raises_for_float_string [32mPASSED[0m[31m [ 48%][0m
tests/test_env_utils.py::TestFindEnvFileContract::test_returns_path_or_none [32mPASSED[0m[31m [ 48%][0m
tests/test_env_utils.py::TestFindEnvFile::test_finds_env_in_start_path [32mPASSED[0m[31m [ 48%][0m
tests/test_env_utils.py::TestFindEnvFile::test_finds_env_in_search_locations [32mPASSED[0m[31m [ 48%][0m
tests/test_env_utils.py::TestFindEnvFile::test_custom_filename [32mPASSED[0m[31m    [ 49%][0m
tests/test_env_utils.py::TestFindEnvFile::test_returns_none_when_not_found [32mPASSED[0m[31m [ 49%][0m
tests/test_env_utils.py::TestFindEnvFile::test_custom_search_locations [32mPASSED[0m[31m [ 49%][0m
tests/test_env_utils.py::TestLoadEnvFileContract::test_returns_bool [32mPASSED[0m[31m [ 49%][0m
tests/test_env_utils.py::TestLoadEnvFile::test_returns_false_without_dotenv [32mPASSED[0m[31m [ 49%][0m
tests/test_env_utils.py::TestLoadEnvFile::test_returns_false_for_missing_file [32mPASSED[0m[31m [ 49%][0m
tests/test_env_utils.py::TestLoadEnvFile::test_explicit_path [32mPASSED[0m[31m      [ 49%][0m
tests/test_error_handling.py::TestHandleFileErrorsContract::test_returns_callable [32mPASSED[0m[31m [ 49%][0m
tests/test_error_handling.py::TestHandleFileErrorsContract::test_decorated_function_callable [32mPASSED[0m[31m [ 50%][0m
tests/test_error_handling.py::TestHandleFileErrorsContract::test_preserves_function_name [32mPASSED[0m[31m [ 50%][0m
tests/test_error_handling.py::TestHandleFileErrors::test_returns_result_on_success [32mPASSED[0m[31m [ 50%][0m
tests/test_error_handling.py::TestHandleFileErrors::test_returns_default_on_file_not_found [32mPASSED[0m[31m [ 50%][0m
tests/test_error_handling.py::TestHandleFileErrors::test_returns_default_on_permission_error [32mPASSED[0m[31m [ 50%][0m
tests/test_error_handling.py::TestHandleFileErrors::test_returns_default_on_os_error [32mPASSED[0m[31m [ 50%][0m
tests/test_error_handling.py::TestHandleFileErrors::test_returns_default_on_unexpected_error [32mPASSED[0m[31m [ 50%][0m
tests/test_error_handling.py::TestHandleFileErrors::test_reraise_option_works [32mPASSED[0m[31m [ 50%][0m
tests/test_error_handling.py::TestHandleFileErrors::test_passes_arguments_to_function [32mPASSED[0m[31m [ 50%][0m
tests/test_error_handling.py::TestHandleFileErrors::test_passes_kwargs_to_function [32mPASSED[0m[31m [ 51%][0m
tests/test_error_handling.py::TestSafeExecuteContract::test_returns_result_on_success [32mPASSED[0m[31m [ 51%][0m
tests/test_error_handling.py::TestSafeExecuteContract::test_returns_default_on_error [32mPASSED[0m[31m [ 51%][0m
tests/test_error_handling.py::TestSafeExecute::test_executes_function_with_args [32mPASSED[0m[31m [ 51%][0m
tests/test_error_handling.py::TestSafeExecute::test_executes_function_with_kwargs [32mPASSED[0m[31m [ 51%][0m
tests/test_error_handling.py::TestSafeExecute::test_returns_none_by_default_on_error [32mPASSED[0m[31m [ 51%][0m
tests/test_error_handling.py::TestSafeExecute::test_handles_any_exception [32mPASSED[0m[31m [ 51%][0m
tests/test_error_handling.py::TestHandleImportErrorContract::test_returns_module_on_success [32mPASSED[0m[31m [ 51%][0m
tests/test_error_handling.py::TestHandleImportErrorContract::test_returns_default_on_failure [32mPASSED[0m[31m [ 52%][0m
tests/test_error_handling.py::TestHandleImportError::test_imports_standard_library [32mPASSED[0m[31m [ 52%][0m
tests/test_error_handling.py::TestHandleImportError::test_returns_none_by_default [32mPASSED[0m[31m [ 52%][0m
tests/test_error_handling.py::TestLogAndContinueContract::test_returns_callable [32mPASSED[0m[31m [ 52%][0m
tests/test_error_handling.py::TestLogAndContinueContract::test_preserves_function_name [32mPASSED[0m[31m [ 52%][0m
tests/test_error_handling.py::TestLogAndContinue::test_returns_result_on_success [32mPASSED[0m[31m [ 52%][0m
tests/test_error_handling.py::TestLogAndContinue::test_returns_default_on_error [32mPASSED[0m[31m [ 52%][0m
tests/test_error_handling.py::TestLogAndContinue::test_logs_at_specified_level [32mPASSED[0m[31m [ 52%][0m
tests/test_error_handling.py::TestExitOnErrorContract::test_returns_callable [32mPASSED[0m[31m [ 53%][0m
tests/test_error_handling.py::TestExitOnError::test_returns_result_on_success [32mPASSED[0m[31m [ 53%][0m
tests/test_error_handling.py::TestExitOnError::test_exits_on_error [32mPASSED[0m[31m [ 53%][0m
tests/test_file_utils.py::TestSafeReadJsonContract::test_returns_default_for_missing_file [32mPASSED[0m[31m [ 53%][0m
tests/test_file_utils.py::TestSafeReadJsonContract::test_returns_parsed_json_for_valid_file [32mPASSED[0m[31m [ 53%][0m
tests/test_file_utils.py::TestSafeReadJson::test_reads_valid_json_file [32mPASSED[0m[31m [ 53%][0m
tests/test_file_utils.py::TestSafeReadJson::test_returns_default_for_invalid_json [32mPASSED[0m[31m [ 53%][0m
tests/test_file_utils.py::TestSafeReadJson::test_returns_default_for_nonexistent_file [32mPASSED[0m[31m [ 53%][0m
tests/test_file_utils.py::TestSafeReadJson::test_accepts_string_path [32mPASSED[0m[31m [ 54%][0m
tests/test_file_utils.py::TestSafeReadJson::test_default_is_none_when_not_specified [32mPASSED[0m[31m [ 54%][0m
tests/test_file_utils.py::TestSafeWriteJsonContract::test_returns_bool [32mPASSED[0m[31m [ 54%][0m
tests/test_file_utils.py::TestSafeWriteJsonContract::test_returns_true_on_success [32mPASSED[0m[31m [ 54%][0m
tests/test_file_utils.py::TestSafeWriteJson::test_writes_valid_json [32mPASSED[0m[31m [ 54%][0m
tests/test_file_utils.py::TestSafeWriteJson::test_creates_parent_directories [32mPASSED[0m[31m [ 54%][0m
tests/test_file_utils.py::TestSafeWriteJson::test_respects_create_parents_false [32mPASSED[0m[31m [ 54%][0m
tests/test_file_utils.py::TestSafeWriteJson::test_returns_false_for_non_serializable [32mPASSED[0m[31m [ 54%][0m
tests/test_file_utils.py::TestSafeWriteJson::test_uses_specified_indent [32mPASSED[0m[31m [ 55%][0m
tests/test_file_utils.py::TestEnsureDirectoryContract::test_returns_bool [32mPASSED[0m[31m [ 55%][0m
tests/test_file_utils.py::TestEnsureDirectory::test_creates_directory_when_missing [32mPASSED[0m[31m [ 55%][0m
tests/test_file_utils.py::TestEnsureDirectory::test_returns_true_for_existing_directory [32mPASSED[0m[31m [ 55%][0m
tests/test_file_utils.py::TestEnsureDirectory::test_returns_false_for_file_path [32mPASSED[0m[31m [ 55%][0m
tests/test_file_utils.py::TestEnsureDirectory::test_respects_create_false [32mPASSED[0m[31m [ 55%][0m
tests/test_file_utils.py::TestEnsureDirectory::test_creates_nested_directories [32mPASSED[0m[31m [ 55%][0m
tests/test_file_utils.py::TestFindFileUpwardsContract::test_returns_path_or_none [32mPASSED[0m[31m [ 55%][0m
tests/test_file_utils.py::TestFindFileUpwards::test_finds_file_in_start_directory [32mPASSED[0m[31m [ 56%][0m
tests/test_file_utils.py::TestFindFileUpwards::test_finds_file_in_parent_directory [32mPASSED[0m[31m [ 56%][0m
tests/test_file_utils.py::TestFindFileUpwards::test_returns_none_when_not_found [32mPASSED[0m[31m [ 56%][0m
tests/test_file_utils.py::TestFindFileUpwards::test_respects_max_depth [32mPASSED[0m[31m [ 56%][0m
tests/test_file_utils.py::TestSafeReadTextContract::test_returns_string [32mPASSED[0m[31m [ 56%][0m
tests/test_file_utils.py::TestSafeReadText::test_reads_text_file [32mPASSED[0m[31m  [ 56%][0m
tests/test_file_utils.py::TestSafeReadText::test_returns_default_for_missing_file [32mPASSED[0m[31m [ 56%][0m
tests/test_file_utils.py::TestSafeReadText::test_returns_empty_string_default [32mPASSED[0m[31m [ 56%][0m
tests/test_file_utils.py::TestSafeWriteTextContract::test_returns_bool [32mPASSED[0m[31m [ 57%][0m
tests/test_file_utils.py::TestSafeWriteText::test_writes_text_file [32mPASSED[0m[31m [ 57%][0m
tests/test_file_utils.py::TestSafeWriteText::test_creates_parent_directories [32mPASSED[0m[31m [ 57%][0m
tests/test_file_utils.py::TestSafeWriteText::test_respects_create_parents_false [32mPASSED[0m[31m [ 57%][0m
tests/test_icon_utils.py::test_convert_simple_ico [32mPASSED[0m[31m                 [ 57%][0m
tests/test_icon_utils.py::test_convert_multi_size_ico [32mPASSED[0m[31m             [ 57%][0m
tests/test_integration_test_helpers.py::TestServiceStatus::test_service_status_available [32mPASSED[0m[31m [ 57%][0m
tests/test_integration_test_helpers.py::TestServiceStatus::test_service_status_unavailable [32mPASSED[0m[31m [ 57%][0m
tests/test_integration_test_helpers.py::TestServiceChecks::test_check_port_available_localhost [32mPASSED[0m[31m [ 58%][0m
tests/test_integration_test_helpers.py::TestServiceChecks::test_check_http_service_invalid [32mPASSED[0m[31m [ 58%][0m
tests/test_integration_test_helpers.py::TestServiceChecks::test_check_command_available_python [32mPASSED[0m[31m [ 58%][0m
tests/test_integration_test_helpers.py::TestServiceChecks::test_check_command_unavailable [32mPASSED[0m[31m [ 58%][0m
tests/test_integration_test_helpers.py::TestTestEnvironment::test_set_env [32mPASSED[0m[31m [ 58%][0m
tests/test_integration_test_helpers.py::TestTestEnvironment::test_unset_env [32mPASSED[0m[31m [ 58%][0m
tests/test_integration_test_helpers.py::TestTestEnvironment::test_create_temp_dir [32mPASSED[0m[31m [ 58%][0m
tests/test_integration_test_helpers.py::TestTestEnvironment::test_add_cleanup_callback [32mPASSED[0m[31m [ 58%][0m
tests/test_integration_test_helpers.py::TestTestEnvironment::test_context_manager [32mPASSED[0m[31m [ 59%][0m
tests/test_integration_test_helpers.py::TestResourceManager::test_register_resource [32mPASSED[0m[31m [ 59%][0m
tests/test_integration_test_helpers.py::TestResourceManager::test_enter_context [32mPASSED[0m[31m [ 59%][0m
tests/test_integration_test_helpers.py::TestResourceManager::test_context_manager_usage [32mPASSED[0m[31m [ 59%][0m
tests/test_integration_test_helpers.py::TestMockServer::test_mock_server_start_stop [32mPASSED[0m[31m [ 59%][0m
tests/test_integration_test_helpers.py::TestMockServer::test_mock_server_context_manager [32mPASSED[0m[31m [ 59%][0m
tests/test_integration_test_helpers.py::TestMockServer::test_mock_server_response [32mPASSED[0m[31m [ 59%][0m
tests/test_integration_test_helpers.py::TestAsyncUtilities::test_async_test_decorator [32mPASSED[0m[31m [ 59%][0m
tests/test_integration_test_helpers.py::TestAsyncUtilities::test_async_event_loop_context [32mPASSED[0m[31m [ 60%][0m
tests/test_integration_test_helpers.py::TestAsyncUtilities::test_wait_for_condition_success [32mPASSED[0m[31m [ 60%][0m
tests/test_integration_test_helpers.py::TestAsyncUtilities::test_wait_for_condition_timeout [32mPASSED[0m[31m [ 60%][0m
tests/test_integration_test_helpers.py::TestTestDataLoader::test_load_json [32mPASSED[0m[31m [ 60%][0m
tests/test_integration_test_helpers.py::TestTestDataLoader::test_load_text [32mPASSED[0m[31m [ 60%][0m
tests/test_integration_test_helpers.py::TestTestDataLoader::test_load_binary [32mPASSED[0m[31m [ 60%][0m
tests/test_integration_test_helpers.py::TestTestDataLoader::test_load_nonexistent_file [32mPASSED[0m[31m [ 60%][0m
tests/test_integration_test_helpers.py::TestRetryTest::test_retry_test_succeeds [32mPASSED[0m[31m [ 60%][0m
tests/test_integration_test_helpers.py::TestRetryTest::test_retry_test_retries_on_failure [32mPASSED[0m[31m [ 61%][0m
tests/test_integration_test_helpers.py::TestRetryTest::test_retry_test_exhausted [32mPASSED[0m[31m [ 61%][0m
tests/test_integration_test_helpers.py::TestCompareDictsDeep::test_identical_dicts [32mPASSED[0m[31m [ 61%][0m
tests/test_integration_test_helpers.py::TestCompareDictsDeep::test_different_values [32mPASSED[0m[31m [ 61%][0m
tests/test_integration_test_helpers.py::TestCompareDictsDeep::test_missing_keys [32mPASSED[0m[31m [ 61%][0m
tests/test_integration_test_helpers.py::TestCompareDictsDeep::test_nested_differences [32mPASSED[0m[31m [ 61%][0m
tests/test_integration_test_helpers.py::TestCompareDictsDeep::test_ignore_keys [32mPASSED[0m[31m [ 61%][0m
tests/test_integration_test_helpers.py::TestIntegrationTestBase::test_check_service_http [32mPASSED[0m[31m [ 61%][0m
tests/test_integration_test_helpers.py::TestIntegrationTestBase::test_check_service_port [32mPASSED[0m[31m [ 62%][0m
tests/test_integration_test_helpers.py::TestIntegrationTestBase::test_check_service_default [32mPASSED[0m[31m [ 62%][0m
tests/test_integration_test_helpers.py::TestDatabaseTestBase::test_check_sqlite_connection [32mPASSED[0m[31m [ 62%][0m
tests/test_integration_test_helpers.py::TestDatabaseTestBase::test_check_unsupported_database [32mPASSED[0m[31m [ 62%][0m
tests/test_integration_test_helpers.py::TestAPITestBase::test_get_headers [32mPASSED[0m[31m [ 62%][0m
tests/test_integration_test_helpers.py::TestAPITestBase::test_get_headers_no_auth [32mPASSED[0m[31m [ 62%][0m
tests/test_logging_utils.py::TestGetLoggerContract::test_returns_logger [32mPASSED[0m[31m [ 62%][0m
tests/test_logging_utils.py::TestGetLoggerContract::test_logger_has_name [32mPASSED[0m[31m [ 62%][0m
tests/test_logging_utils.py::TestGetLogger::test_creates_logger_with_name [32mPASSED[0m[31m [ 62%][0m
tests/test_logging_utils.py::TestGetLogger::test_accepts_string_level [32mPASSED[0m[31m [ 63%][0m
tests/test_logging_utils.py::TestGetLogger::test_accepts_int_level [32mPASSED[0m[31m [ 63%][0m
tests/test_logging_utils.py::TestGetLogger::test_simple_format_option [32mPASSED[0m[31m [ 63%][0m
tests/test_logging_utils.py::TestSetupLoggingContract::test_does_not_raise [32mPASSED[0m[31m [ 63%][0m
tests/test_logging_utils.py::TestSetupLogging::test_sets_root_level [32mPASSED[0m[31m [ 63%][0m
tests/test_logging_utils.py::TestSetupLogging::test_creates_file_handler [32mPASSED[0m[31m [ 63%][0m
tests/test_logging_utils.py::TestSetupLogging::test_json_format_option [32mPASSED[0m[31m [ 63%][0m
tests/test_logging_utils.py::TestJsonFormatterContract::test_format_returns_string [32mPASSED[0m[31m [ 63%][0m
tests/test_logging_utils.py::TestJsonFormatterContract::test_format_returns_valid_json [32mPASSED[0m[31m [ 64%][0m
tests/test_logging_utils.py::TestJsonFormatter::test_includes_required_fields [32mPASSED[0m[31m [ 64%][0m
tests/test_logging_utils.py::TestJsonFormatter::test_includes_exception_info [32mPASSED[0m[31m [ 64%][0m
tests/test_logging_utils.py::TestSetSeedsContract::test_raises_on_negative_seed [32mPASSED[0m[31m [ 64%][0m
tests/test_logging_utils.py::TestSetSeeds::test_sets_python_random_seed [32mPASSED[0m[31m [ 64%][0m
tests/test_logging_utils.py::TestSetSeeds::test_default_seed_is_42 [32mPASSED[0m[31m [ 64%][0m
tests/test_logging_utils.py::TestSetSeeds::test_sets_numpy_seed_when_available [32mPASSED[0m[31m [ 64%][0m
tests/test_logging_utils.py::TestInitDefaultLoggingContract::test_returns_logger [32mPASSED[0m[31m [ 64%][0m
tests/test_logging_utils.py::TestInitDefaultLogging::test_returns_root_logger [32mPASSED[0m[31m [ 65%][0m
tests/test_logging_utils.py::TestInitDefaultLogging::test_sets_level [32mPASSED[0m[31m [ 65%][0m
tests/test_logging_utils.py::TestInitDefaultLogging::test_accepts_string_level [32mPASSED[0m[31m [ 65%][0m
tests/test_os_utils.py::TestSafeJoinPathContract::test_returns_path [32mPASSED[0m[31m [ 65%][0m
tests/test_os_utils.py::TestSafeJoinPathContract::test_rejects_traversal [32mPASSED[0m[31m [ 65%][0m
tests/test_os_utils.py::TestSafeJoinPath::test_joins_simple_paths [32mPASSED[0m[31m [ 65%][0m
tests/test_os_utils.py::TestSafeJoinPath::test_accepts_string_base [32mPASSED[0m[31m [ 65%][0m
tests/test_os_utils.py::TestGetCurrentDirContract::test_returns_path [32mPASSED[0m[31m [ 65%][0m
tests/test_os_utils.py::TestGetCurrentDirContract::test_returns_existing_path [32mPASSED[0m[31m [ 66%][0m
tests/test_os_utils.py::TestGetCurrentDir::test_matches_os_getcwd [32mPASSED[0m[31m [ 66%][0m
tests/test_os_utils.py::TestChangeDirectoryContract::test_raises_for_nonexistent_dir [32mPASSED[0m[31m [ 66%][0m
tests/test_os_utils.py::TestChangeDirectoryContract::test_raises_for_file_not_dir [32mPASSED[0m[31m [ 66%][0m
tests/test_os_utils.py::TestChangeDirectory::test_changes_and_restores_directory [32mPASSED[0m[31m [ 66%][0m
tests/test_os_utils.py::TestChangeDirectory::test_restores_on_exception [32mPASSED[0m[31m [ 66%][0m
tests/test_os_utils.py::TestChangeDirectory::test_yields_path_object [32mPASSED[0m[31m [ 66%][0m
tests/test_os_utils.py::TestPathExistsContract::test_returns_bool [32mPASSED[0m[31m [ 66%][0m
tests/test_os_utils.py::TestPathExists::test_returns_true_for_existing_path [32mPASSED[0m[31m [ 67%][0m
tests/test_os_utils.py::TestPathExists::test_returns_false_for_nonexistent_path [32mPASSED[0m[31m [ 67%][0m
tests/test_os_utils.py::TestPathExists::test_accepts_string_path [32mPASSED[0m[31m  [ 67%][0m
tests/test_os_utils.py::TestEnsureDirContract::test_returns_path [32mPASSED[0m[31m  [ 67%][0m
tests/test_os_utils.py::TestEnsureDirContract::test_raises_for_missing_without_create [32mPASSED[0m[31m [ 67%][0m
tests/test_os_utils.py::TestEnsureDir::test_returns_existing_dir [32mPASSED[0m[31m  [ 67%][0m
tests/test_os_utils.py::TestEnsureDir::test_creates_new_dir [32mPASSED[0m[31m       [ 67%][0m
tests/test_os_utils.py::TestEnsureDir::test_raises_for_file_as_dir [32mPASSED[0m[31m [ 67%][0m
tests/test_path_helpers.py::TestGetFileDirContract::test_returns_path [32mPASSED[0m[31m [ 68%][0m
tests/test_path_helpers.py::TestGetFileDirContract::test_returns_resolved_path [32mPASSED[0m[31m [ 68%][0m
tests/test_path_helpers.py::TestGetFileDir::test_returns_parent_directory [32mPASSED[0m[31m [ 68%][0m
tests/test_path_helpers.py::TestGetFileDir::test_accepts_string_path [32mPASSED[0m[31m [ 68%][0m
tests/test_path_helpers.py::TestGetRelativePathContract::test_returns_path [32mPASSED[0m[31m [ 68%][0m
tests/test_path_helpers.py::TestGetRelativePath::test_returns_relative_path_for_child [32mPASSED[0m[31m [ 68%][0m
tests/test_path_helpers.py::TestGetRelativePath::test_returns_absolute_for_unrelated_paths [32mPASSED[0m[31m [ 68%][0m
tests/test_path_helpers.py::TestFindNearestFileContract::test_returns_path_or_none [32mPASSED[0m[31m [ 68%][0m
tests/test_path_helpers.py::TestFindNearestFile::test_finds_file_in_current_directory [32mPASSED[0m[31m [ 69%][0m
tests/test_path_helpers.py::TestFindNearestFile::test_finds_file_in_parent_directory [32mPASSED[0m[31m [ 69%][0m
tests/test_path_helpers.py::TestFindNearestFile::test_returns_none_when_not_found [32mPASSED[0m[31m [ 69%][0m
tests/test_path_helpers.py::TestFindNearestDirContract::test_returns_path_or_none [32mPASSED[0m[31m [ 69%][0m
tests/test_path_helpers.py::TestFindNearestDir::test_finds_directory_in_current [32mPASSED[0m[31m [ 69%][0m
tests/test_path_helpers.py::TestFindNearestDir::test_finds_directory_in_parent [32mPASSED[0m[31m [ 69%][0m
tests/test_path_helpers.py::TestFindNearestDir::test_returns_none_when_not_found [32mPASSED[0m[31m [ 69%][0m
tests/test_path_helpers.py::TestNormalizePathContract::test_returns_path [32mPASSED[0m[31m [ 69%][0m
tests/test_path_helpers.py::TestNormalizePathContract::test_returns_absolute_path [32mPASSED[0m[31m [ 70%][0m
tests/test_path_helpers.py::TestNormalizePath::test_resolves_relative_path [32mPASSED[0m[31m [ 70%][0m
tests/test_path_helpers.py::TestNormalizePath::test_accepts_path_object [32mPASSED[0m[31m [ 70%][0m
tests/test_path_helpers.py::TestNormalizePath::test_accepts_string [32mPASSED[0m[31m [ 70%][0m
tests/test_path_helpers.py::TestSafeJoinPathContract::test_returns_path [32mPASSED[0m[31m [ 70%][0m
tests/test_path_helpers.py::TestSafeJoinPathContract::test_raises_on_traversal [32mPASSED[0m[31m [ 70%][0m
tests/test_path_helpers.py::TestSafeJoinPath::test_joins_simple_path [32mPASSED[0m[31m [ 70%][0m
tests/test_path_helpers.py::TestSafeJoinPath::test_rejects_double_dot [32mPASSED[0m[31m [ 70%][0m
tests/test_path_helpers.py::TestSafeJoinPath::test_rejects_absolute_part [32mPASSED[0m[31m [ 71%][0m
tests/test_path_helpers.py::TestSafeJoinPath::test_result_within_base [32mPASSED[0m[31m [ 71%][0m
tests/test_path_setup.py::TestGetRepoRootContract::test_returns_path [32mPASSED[0m[31m [ 71%][0m
tests/test_path_setup.py::TestGetRepoRootContract::test_returns_absolute_path [32mPASSED[0m[31m [ 71%][0m
tests/test_path_setup.py::TestGetRepoRoot::test_finds_git_directory [32mPASSED[0m[31m [ 71%][0m
tests/test_path_setup.py::TestGetRepoRoot::test_finds_pyproject_toml [32mPASSED[0m[31m [ 71%][0m
tests/test_path_setup.py::TestGetRepoRoot::test_finds_requirements_txt [32mPASSED[0m[31m [ 71%][0m
tests/test_path_setup.py::TestGetRepoRoot::test_fallback_for_no_markers [32mPASSED[0m[31m [ 71%][0m
tests/test_path_setup.py::TestGetStandardPathsContract::test_returns_list [32mPASSED[0m[31m [ 72%][0m
tests/test_path_setup.py::TestGetStandardPathsContract::test_returns_path_objects [32mPASSED[0m[31m [ 72%][0m
tests/test_path_setup.py::TestGetStandardPaths::test_includes_repo_root [32mPASSED[0m[31m [ 72%][0m
tests/test_path_setup.py::TestGetStandardPaths::test_filters_nonexistent_paths [32mPASSED[0m[31m [ 72%][0m
tests/test_path_setup.py::TestGetStandardPaths::test_includes_python_src_if_exists [32mPASSED[0m[31m [ 72%][0m
tests/test_path_setup.py::TestSetupPythonPathContract::test_does_not_raise [32mPASSED[0m[31m [ 72%][0m
tests/test_path_setup.py::TestSetupPythonPath::test_adds_paths_to_sys_path [32mPASSED[0m[31m [ 72%][0m
tests/test_path_setup.py::TestSetupPythonPath::test_sets_pythonpath_env_var [32mPASSED[0m[31m [ 72%][0m
tests/test_path_setup.py::TestSetupPythonPath::test_accepts_additional_paths [32mPASSED[0m[31m [ 73%][0m
tests/test_path_setup.py::TestSetupPythonPath::test_does_not_add_duplicates [32mPASSED[0m[31m [ 73%][0m
tests/test_path_setup.py::TestAddUtilsToPathContract::test_does_not_raise [32mPASSED[0m[31m [ 73%][0m
tests/test_path_setup.py::TestAddUtilsToPath::test_adds_utils_path [32mPASSED[0m[31m [ 73%][0m
tests/test_phase1_quick_wins.py::TestLegacyDirCleanup::test_gitignore_has_legacy_tools_dir [32mPASSED[0m[31m [ 73%][0m
tests/test_phase1_quick_wins.py::TestLegacyDirCleanup::test_gitignore_has_legacy_python_dir [32mPASSED[0m[31m [ 73%][0m
tests/test_phase1_quick_wins.py::TestLegacyDirCleanup::test_gitignore_has_legacy_development_tools_dir [32mPASSED[0m[31m [ 73%][0m
tests/test_phase1_quick_wins.py::TestLegacyDirCleanup::test_gitignore_has_legacy_web_app_calculator_dir [32mPASSED[0m[31m [ 73%][0m
tests/test_phase1_quick_wins.py::TestNotImplementedErrorFixes::test_signal_loader_raises_value_error_for_unknown_format [32mPASSED[0m[31m [ 74%][0m
tests/test_phase1_quick_wins.py::TestNotImplementedErrorFixes::test_format_utils_conversion_has_clear_error_message [32mPASSED[0m[31m [ 74%][0m
tests/test_phase1_quick_wins.py::TestDataIO::test_module_importable [32mPASSED[0m[31m [ 74%][0m
tests/test_phase1_quick_wins.py::TestDataIO::test_read_csv_file [32mPASSED[0m[31m   [ 74%][0m
tests/test_phase1_quick_wins.py::TestDataIO::test_read_data_prefers_parquet_sibling [32mPASSED[0m[31m [ 74%][0m
tests/test_phase1_quick_wins.py::TestDataIO::test_read_data_csv_fallback [32mPASSED[0m[31m [ 74%][0m
tests/test_phase1_quick_wins.py::TestDataIO::test_read_data_file_not_found [32mPASSED[0m[31m [ 74%][0m
tests/test_phase1_quick_wins.py::TestDataIO::test_write_data_parquet [32mPASSED[0m[31m [ 74%][0m
tests/test_phase1_quick_wins.py::TestDataIO::test_unsupported_format_raises [32mPASSED[0m[31m [ 75%][0m
tests/test_phase1_quick_wins.py::TestThemeDocumentation::test_theme_readme_exists [32mPASSED[0m[31m [ 75%][0m
tests/test_phase1_quick_wins.py::TestThemeDocumentation::test_theme_readme_has_content [32mPASSED[0m[31m [ 75%][0m
tests/test_phase1_quick_wins.py::TestThemeDependencyManagement::test_pyproject_has_theme_dependency_group [32mPASSED[0m[31m [ 75%][0m
tests/test_phase1_quick_wins.py::TestVideoProcessorAPI::test_api_module_exists [32mPASSED[0m[31m [ 75%][0m
tests/test_phase1_quick_wins.py::TestVideoProcessorAPI::test_api_module_has_fastapi_app [32mPASSED[0m[31m [ 75%][0m
tests/test_phase1_quick_wins.py::TestThemeScreenshotGenerator::test_script_exists [32mPASSED[0m[31m [ 75%][0m
tests/test_phase1_quick_wins.py::TestThemeScreenshotGenerator::test_script_has_generate_function [32mPASSED[0m[31m [ 75%][0m
tests/test_phase1_quick_wins.py::TestMigrationScript::test_migration_script_exists [32mPASSED[0m[31m [ 75%][0m
tests/test_phase1_quick_wins.py::TestMigrationScript::test_migration_script_has_functions [32mPASSED[0m[31m [ 76%][0m
tests/test_phase2_critical_bugs.py::TestSteamEngineCalculations::test_vapor_properties_at_atmospheric [32mPASSED[0m[31m [ 76%][0m
tests/test_phase2_critical_bugs.py::TestSteamEngineCalculations::test_liquid_properties [32mPASSED[0m[31m [ 76%][0m
tests/test_phase2_critical_bugs.py::TestSteamEngineCalculations::test_saturation_from_temperature [32mPASSED[0m[31m [ 76%][0m
tests/test_phase2_critical_bugs.py::TestSteamEngineCalculations::test_saturation_from_pressure [32mPASSED[0m[31m [ 76%][0m
tests/test_phase2_critical_bugs.py::TestSteamEngineCalculations::test_steam_properties_to_dict [32mPASSED[0m[31m [ 76%][0m
tests/test_phase2_critical_bugs.py::TestSteamEngineCalculations::test_engine_selection_auto [32mPASSED[0m[31m [ 76%][0m
tests/test_phase2_critical_bugs.py::TestSteamEngineCalculations::test_engine_selection_simplified [32mPASSED[0m[31m [ 76%][0m
tests/test_phase2_critical_bugs.py::TestModelGenerationLazyImports::test_package_imports_without_loading_all_modules [32mPASSED[0m[31m [ 77%][0m
tests/test_phase2_critical_bugs.py::TestModelGenerationLazyImports::test_lazy_access_to_types [32mPASSED[0m[31m [ 77%][0m
tests/test_phase2_critical_bugs.py::TestModelGenerationLazyImports::test_lazy_access_to_validation [32mPASSED[0m[31m [ 77%][0m
tests/test_phase2_critical_bugs.py::TestModelGenerationLazyImports::test_lazy_access_to_constants [32mPASSED[0m[31m [ 77%][0m
tests/test_phase2_critical_bugs.py::TestModelGenerationLazyImports::test_no_circular_import_on_fresh_import [32mPASSED[0m[31m [ 77%][0m
tests/test_phase2_critical_bugs.py::TestModelGenerationLazyImports::test_all_exports_are_accessible [32mPASSED[0m[31m [ 77%][0m
tests/test_phase2_critical_bugs.py::TestDataProcessingImports::test_core_init_lazy_import [32mPASSED[0m[31m [ 77%][0m
tests/test_phase2_critical_bugs.py::TestDataProcessingImports::test_data_loader_self_contained_path_bootstrap [32mPASSED[0m[31m [ 77%][0m
tests/test_phase2_critical_bugs.py::TestDataProcessingImports::test_logging_config_fallback [32mPASSED[0m[31m [ 78%][0m
tests/test_phase2_critical_bugs.py::TestGodFunctionRefactoring::test_pdf_renamer_thread_has_extracted_methods [32mPASSED[0m[31m [ 78%][0m
tests/test_phase2_critical_bugs.py::TestGodFunctionRefactoring::test_polynomial_generator_has_extracted_methods [32mPASSED[0m[31m [ 78%][0m
tests/test_phase2_critical_bugs.py::TestMyPyTypeFixes::test_is_valid_result_returns_bool [32mPASSED[0m[31m [ 78%][0m
tests/test_phase2_critical_bugs.py::TestMyPyTypeFixes::test_has_finite_elements_returns_bool [32mPASSED[0m[31m [ 78%][0m
tests/test_phase2_critical_bugs.py::TestMyPyTypeFixes::test_joint_post_init_has_return_type [32mPASSED[0m[31m [ 78%][0m
tests/test_phase2_critical_bugs.py::TestMyPyTypeFixes::test_py_typed_markers_exist [32mPASSED[0m[31m [ 78%][0m
tests/test_phase2_critical_bugs.py::TestSteamAPIContract::test_api_module_importable [32mPASSED[0m[31m [ 78%][0m
tests/test_phase2_critical_bugs.py::TestSteamAPIContract::test_api_response_model_fields [32mPASSED[0m[31m [ 79%][0m
tests/test_phase2_critical_bugs.py::TestSteamAPIContract::test_props_to_response_conversion [32mPASSED[0m[31m [ 79%][0m
tests/test_subprocess_utils.py::TestRunCommandContract::test_returns_completed_process [32mPASSED[0m[31m [ 79%][0m
tests/test_subprocess_utils.py::TestRunCommandContract::test_raises_on_missing_cwd [32mPASSED[0m[31m [ 79%][0m
tests/test_subprocess_utils.py::TestRunCommand::test_runs_simple_command [32mPASSED[0m[31m [ 79%][0m
tests/test_subprocess_utils.py::TestRunCommand::test_captures_stdout [32mPASSED[0m[31m [ 79%][0m
tests/test_subprocess_utils.py::TestRunCommand::test_captures_stderr [32mPASSED[0m[31m [ 79%][0m
tests/test_subprocess_utils.py::TestRunCommand::test_respects_cwd [32mPASSED[0m[31m [ 79%][0m
tests/test_subprocess_utils.py::TestRunCommand::test_raises_on_timeout [32mPASSED[0m[31m [ 80%][0m
tests/test_subprocess_utils.py::TestRunCommand::test_check_raises_on_failure [32mPASSED[0m[31m [ 80%][0m
tests/test_subprocess_utils.py::TestRunCommand::test_check_false_does_not_raise [32mPASSED[0m[31m [ 80%][0m
tests/test_subprocess_utils.py::TestRunPythonScriptContract::test_raises_on_missing_script [32mPASSED[0m[31m [ 80%][0m
tests/test_subprocess_utils.py::TestRunPythonScript::test_runs_script [32mPASSED[0m[31m [ 80%][0m
tests/test_subprocess_utils.py::TestRunPythonScript::test_passes_arguments [32mPASSED[0m[31m [ 80%][0m
tests/test_subprocess_utils.py::TestRunPythonScript::test_respects_cwd [32mPASSED[0m[31m [ 80%][0m
tests/test_subprocess_utils.py::TestRunPythonScript::test_respects_timeout [32mPASSED[0m[31m [ 80%][0m
tests/test_subprocess_utils.py::TestRunPipCommandContract::test_raises_without_packages_or_requirements [32mPASSED[0m[31m [ 81%][0m
tests/test_subprocess_utils.py::TestRunPipCommand::test_runs_pip_list [32mPASSED[0m[31m [ 81%][0m
tests/test_subprocess_utils.py::TestRunPipCommand::test_adds_upgrade_flag [32mPASSED[0m[31m [ 81%][0m
tests/test_subprocess_utils.py::TestRunPipCommand::test_uses_requirements_file [32mPASSED[0m[31m [ 81%][0m
tests/test_subprocess_utils.py::TestCheckCommandAvailableContract::test_returns_bool [32mPASSED[0m[31m [ 81%][0m
tests/test_subprocess_utils.py::TestCheckCommandAvailable::test_python_is_available [32mPASSED[0m[31m [ 81%][0m
tests/test_subprocess_utils.py::TestCheckCommandAvailable::test_nonexistent_command_not_available [32mPASSED[0m[31m [ 81%][0m
tests/test_subprocess_utils.py::TestGetCommandOutputContract::test_returns_string [32mPASSED[0m[31m [ 81%][0m
tests/test_subprocess_utils.py::TestGetCommandOutput::test_returns_stdout [32mPASSED[0m[31m [ 82%][0m
tests/test_subprocess_utils.py::TestGetCommandOutput::test_strips_whitespace [32mPASSED[0m[31m [ 82%][0m
tests/test_subprocess_utils.py::TestGetCommandOutput::test_raises_on_failure [32mPASSED[0m[31m [ 82%][0m
tests/test_subprocess_utils.py::TestGetCommandOutput::test_respects_timeout [32mPASSED[0m[31m [ 82%][0m
tests/test_test_utils.py::TestDataGenerators::test_generate_sample_data_int [32mPASSED[0m[31m [ 82%][0m
tests/test_test_utils.py::TestDataGenerators::test_generate_sample_data_float [32mPASSED[0m[31m [ 82%][0m
tests/test_test_utils.py::TestDataGenerators::test_generate_sample_data_string [32mPASSED[0m[31m [ 82%][0m
tests/test_test_utils.py::TestDataGenerators::test_generate_sample_data_mixed [32mPASSED[0m[31m [ 82%][0m
tests/test_test_utils.py::TestDataGenerators::test_generate_sample_data_reproducible [32mPASSED[0m[31m [ 83%][0m
tests/test_test_utils.py::TestDataGenerators::test_generate_edge_case_data_int [32mPASSED[0m[31m [ 83%][0m
tests/test_test_utils.py::TestDataGenerators::test_generate_edge_case_data_float [32mPASSED[0m[31m [ 83%][0m
tests/test_test_utils.py::TestDataGenerators::test_generate_edge_case_data_string [32mPASSED[0m[31m [ 83%][0m
tests/test_test_utils.py::TestAssertionHelpers::test_assert_approx_equal_pass [32mPASSED[0m[31m [ 83%][0m
tests/test_test_utils.py::TestAssertionHelpers::test_assert_approx_equal_fail [32mPASSED[0m[31m [ 83%][0m
tests/test_test_utils.py::TestAssertionHelpers::test_assert_dict_subset_pass [32mPASSED[0m[31m [ 83%][0m
tests/test_test_utils.py::TestAssertionHelpers::test_assert_dict_subset_fail_missing_key [32mPASSED[0m[31m [ 83%][0m
tests/test_test_utils.py::TestAssertionHelpers::test_assert_dict_subset_fail_value_mismatch [32mPASSED[0m[31m [ 84%][0m
tests/test_test_utils.py::TestAssertionHelpers::test_assert_json_equal_dict [32mPASSED[0m[31m [ 84%][0m
tests/test_test_utils.py::TestAssertionHelpers::test_assert_json_equal_string [32mPASSED[0m[31m [ 84%][0m
tests/test_test_utils.py::TestAssertionHelpers::test_assert_json_equal_fail [32mPASSED[0m[31m [ 84%][0m
tests/test_test_utils.py::TestAssertionHelpers::test_assert_raises_with_message [32mPASSED[0m[31m [ 84%][0m
tests/test_test_utils.py::TestAssertionHelpers::test_assert_raises_with_message_wrong_exception [32mPASSED[0m[31m [ 84%][0m
tests/test_test_utils.py::TestAssertionHelpers::test_assert_raises_with_message_no_exception [32mPASSED[0m[31m [ 84%][0m
tests/test_test_utils.py::TestAssertionHelpers::test_assert_file_contains [32mPASSED[0m[31m [ 84%][0m
tests/test_test_utils.py::TestAssertionHelpers::test_assert_file_contains_fail [32mPASSED[0m[31m [ 85%][0m
tests/test_test_utils.py::TestAssertionHelpers::test_assert_file_contains_nonexistent [32mPASSED[0m[31m [ 85%][0m
tests/test_test_utils.py::TestMockFactory::test_create_mock_file [32mPASSED[0m[31m  [ 85%][0m
tests/test_test_utils.py::TestMockFactory::test_create_mock_response_success [32mPASSED[0m[31m [ 85%][0m
tests/test_test_utils.py::TestMockFactory::test_create_mock_response_error [32mPASSED[0m[31m [ 85%][0m
tests/test_test_utils.py::TestMockFactory::test_create_mock_logger [32mPASSED[0m[31m [ 85%][0m
tests/test_test_utils.py::TestMockFactory::test_create_mock_path [32mPASSED[0m[31m  [ 85%][0m
tests/test_test_utils.py::TestContextManagers::test_temporary_directory [32mPASSED[0m[31m [ 85%][0m
tests/test_test_utils.py::TestContextManagers::test_temporary_file [32mPASSED[0m[31m [ 86%][0m
tests/test_test_utils.py::TestContextManagers::test_captured_output [32mPASSED[0m[31m [ 86%][0m
tests/test_test_utils.py::TestContextManagers::test_captured_logs [32mPASSED[0m[31m [ 86%][0m
tests/test_test_utils.py::TestContextManagers::test_environment_variables [32mPASSED[0m[31m [ 86%][0m
tests/test_test_utils.py::TestTimingUtilities::test_time_function [32mPASSED[0m[31m [ 86%][0m
tests/test_test_utils.py::TestTimingUtilities::test_time_function_iterations [32mPASSED[0m[31m [ 86%][0m
tests/test_test_utils.py::TestTimingUtilities::test_assert_performance_pass [32mPASSED[0m[31m [ 86%][0m
tests/test_test_utils.py::TestTimingUtilities::test_assert_performance_fail [32mPASSED[0m[31m [ 86%][0m
tests/test_test_utils.py::TestDecorators::test_retry_on_failure_passes [32mPASSED[0m[31m [ 87%][0m
tests/test_test_utils.py::TestDecorators::test_retry_on_failure_retries [32mPASSED[0m[31m [ 87%][0m
tests/test_test_utils.py::TestDecorators::test_retry_on_failure_exhausted [32mPASSED[0m[31m [ 87%][0m
tests/test_test_utils.py::TestBaseTestCase::test_create_temp_file [32mPASSED[0m[31m [ 87%][0m
tests/test_test_utils.py::TestBaseTestCase::test_create_temp_dir [32mPASSED[0m[31m  [ 87%][0m
tests/test_test_utils.py::TestTestMarkers::test_markers_values [32mPASSED[0m[31m    [ 87%][0m
tests/test_test_utils.py::TestTimingResult::test_elapsed_ms [32mPASSED[0m[31m       [ 87%][0m
tests/test_test_utils.py::TestTimingResult::test_average_seconds [32mPASSED[0m[31m  [ 87%][0m
tests/test_test_utils.py::TestTimingResult::test_average_ms [32mPASSED[0m[31m       [ 87%][0m
tests/test_validation.py::TestValidatePathContract::test_returns_tuple [32mPASSED[0m[31m [ 88%][0m
tests/test_validation.py::TestValidatePathContract::test_returns_tuple_of_two [32mPASSED[0m[31m [ 88%][0m
tests/test_validation.py::TestValidatePath::test_existing_file_passes [32mPASSED[0m[31m [ 88%][0m
tests/test_validation.py::TestValidatePath::test_nonexistent_path_fails_when_must_exist [32mPASSED[0m[31m [ 88%][0m
tests/test_validation.py::TestValidatePath::test_nonexistent_path_passes_when_not_required [32mPASSED[0m[31m [ 88%][0m
tests/test_validation.py::TestValidatePath::test_must_be_file_passes_for_file [32mPASSED[0m[31m [ 88%][0m
tests/test_validation.py::TestValidatePath::test_must_be_file_fails_for_directory [32mPASSED[0m[31m [ 88%][0m
tests/test_validation.py::TestValidatePath::test_must_be_dir_passes_for_directory [32mPASSED[0m[31m [ 88%][0m
tests/test_validation.py::TestValidatePath::test_must_be_dir_fails_for_file [32mPASSED[0m[31m [ 89%][0m
tests/test_validation.py::TestValidatePath::test_must_be_within_passes_for_subpath [32mPASSED[0m[31m [ 89%][0m
tests/test_validation.py::TestValidatePath::test_must_be_within_fails_for_outside_path [32mPASSED[0m[31m [ 89%][0m
tests/test_validation.py::TestValidatePath::test_accepts_string_path [32mPASSED[0m[31m [ 89%][0m
tests/test_validation.py::TestValidateFileExtensionContract::test_returns_tuple [32mPASSED[0m[31m [ 89%][0m
tests/test_validation.py::TestValidateFileExtensionContract::test_returns_tuple_of_two [32mPASSED[0m[31m [ 89%][0m
tests/test_validation.py::TestValidateFileExtension::test_valid_extension_passes [32mPASSED[0m[31m [ 89%][0m
tests/test_validation.py::TestValidateFileExtension::test_invalid_extension_fails [32mPASSED[0m[31m [ 89%][0m
tests/test_validation.py::TestValidateFileExtension::test_case_insensitive_by_default [32mPASSED[0m[31m [ 90%][0m
tests/test_validation.py::TestValidateFileExtension::test_case_sensitive_option [32mPASSED[0m[31m [ 90%][0m
tests/test_validation.py::TestValidateFileExtension::test_extension_without_dot_handled [32mPASSED[0m[31m [ 90%][0m
tests/test_validation.py::TestValidateFileExtension::test_mixed_dot_and_no_dot_extensions [32mPASSED[0m[31m [ 90%][0m
tests/test_validation.py::TestValidatePythonVersionContract::test_returns_tuple [32mPASSED[0m[31m [ 90%][0m
tests/test_validation.py::TestValidatePythonVersionContract::test_returns_tuple_of_bool_and_string [32mPASSED[0m[31m [ 90%][0m
tests/test_validation.py::TestValidatePythonVersion::test_current_python_passes_low_requirements [32mPASSED[0m[31m [ 90%][0m
tests/test_validation.py::TestValidatePythonVersion::test_fails_for_future_version [32mPASSED[0m[31m [ 90%][0m
tests/test_validation.py::TestValidatePythonVersion::test_version_string_format [32mPASSED[0m[31m [ 91%][0m
tests/test_validation.py::TestValidateNotNoneContract::test_returns_tuple [32mPASSED[0m[31m [ 91%][0m
tests/test_validation.py::TestValidateNotNone::test_non_none_value_passes [32mPASSED[0m[31m [ 91%][0m
tests/test_validation.py::TestValidateNotNone::test_none_value_fails [32mPASSED[0m[31m [ 91%][0m
tests/test_validation.py::TestValidateNotNone::test_empty_string_passes [32mPASSED[0m[31m [ 91%][0m
tests/test_validation.py::TestValidateNotNone::test_zero_passes [32mPASSED[0m[31m   [ 91%][0m
tests/test_validation.py::TestValidateNotNone::test_false_passes [32mPASSED[0m[31m  [ 91%][0m
tests/test_validation.py::TestValidateNotEmptyContract::test_returns_tuple [32mPASSED[0m[31m [ 91%][0m
tests/test_validation.py::TestValidateNotEmpty::test_non_empty_string_passes [32mPASSED[0m[31m [ 92%][0m
tests/test_validation.py::TestValidateNotEmpty::test_empty_string_fails [32mPASSED[0m[31m [ 92%][0m
tests/test_validation.py::TestValidateNotEmpty::test_non_empty_list_passes [32mPASSED[0m[31m [ 92%][0m
tests/test_validation.py::TestValidateNotEmpty::test_empty_list_fails [32mPASSED[0m[31m [ 92%][0m
tests/test_validation.py::TestValidateNotEmpty::test_non_empty_dict_passes [32mPASSED[0m[31m [ 92%][0m
tests/test_validation.py::TestValidateNotEmpty::test_empty_dict_fails [32mPASSED[0m[31m [ 92%][0m
tests/test_validation.py::TestValidateInRangeContract::test_returns_tuple [32mPASSED[0m[31m [ 92%][0m
tests/test_validation.py::TestValidateInRange::test_value_in_range_passes [32mPASSED[0m[31m [ 92%][0m
tests/test_validation.py::TestValidateInRange::test_value_at_minimum_passes [32mPASSED[0m[31m [ 93%][0m
tests/test_validation.py::TestValidateInRange::test_value_at_maximum_passes [32mPASSED[0m[31m [ 93%][0m
tests/test_validation.py::TestValidateInRange::test_value_below_minimum_fails [32mPASSED[0m[31m [ 93%][0m
tests/test_validation.py::TestValidateInRange::test_value_above_maximum_fails [32mPASSED[0m[31m [ 93%][0m
tests/test_validation.py::TestValidateInRange::test_only_min_specified [32mPASSED[0m[31m [ 93%][0m
tests/test_validation.py::TestValidateInRange::test_only_max_specified [32mPASSED[0m[31m [ 93%][0m
tests/test_validation.py::TestValidateInRange::test_float_values [32mPASSED[0m[31m  [ 93%][0m
tests/test_validation.py::TestValidateInRange::test_no_bounds_always_passes [32mPASSED[0m[31m [ 93%][0m
tests/test_wave1_paths.py::TestGetRepoRoot::test_finds_repo_root_from_this_file [32mPASSED[0m[31m [ 94%][0m
tests/test_wave1_paths.py::TestGetRepoRoot::test_finds_repo_root_from_deep_path [32mPASSED[0m[31m [ 94%][0m
tests/test_wave1_paths.py::TestGetRepoRoot::test_raises_on_nonexistent_root [32mPASSED[0m[31m [ 94%][0m
tests/test_wave1_paths.py::TestGetRepoRoot::test_returns_absolute_path [32mPASSED[0m[31m [ 94%][0m
tests/test_wave1_paths.py::TestEnsurePaths::test_adds_standard_paths [32mPASSED[0m[31m [ 94%][0m
tests/test_wave1_paths.py::TestEnsurePaths::test_returns_repo_root [32mPASSED[0m[31m [ 94%][0m
tests/test_wave1_paths.py::TestEnsurePaths::test_idempotent [32mPASSED[0m[31m       [ 94%][0m
tests/test_wave1_paths.py::TestStateManagerLazy::test_no_global_instance_on_import [32mPASSED[0m[31m [ 94%][0m
tests/test_wave1_paths.py::TestStateManagerLazy::test_get_state_manager_creates_instance [32mPASSED[0m[31m [ 95%][0m
tests/test_wave1_paths.py::TestStateManagerLazy::test_get_state_manager_returns_same_instance [32mPASSED[0m[31m [ 95%][0m
tests/test_wave1_paths.py::TestPathSetupBackwardCompat::test_get_repo_root_available [32mPASSED[0m[31m [ 95%][0m
tests/test_wave1_paths.py::TestPathSetupBackwardCompat::test_setup_python_path_available [32mPASSED[0m[31m [ 95%][0m
tests/test_wave4_launcher.py::TestGUIInfoPattern::test_all_gui_registration_files_have_gui_info [32mPASSED[0m[31m [ 95%][0m
tests/test_wave4_launcher.py::TestGUIInfoPattern::test_gui_info_has_required_keys [32mPASSED[0m[31m [ 95%][0m
tests/test_wave4_launcher.py::TestGUIInfoPattern::test_pyqt6_config_has_module_and_class [32mPASSED[0m[31m [ 95%][0m
tests/test_wave4_launcher.py::TestGUIInfoPattern::test_get_gui_info_function_exists [32mPASSED[0m[31m [ 95%][0m
tests/test_wave4_launcher.py::TestLaunchConfigFields::test_launch_config_has_class_name [32mPASSED[0m[31m [ 96%][0m
tests/test_wave4_launcher.py::TestLaunchConfigFields::test_launch_config_has_title [32mPASSED[0m[31m [ 96%][0m
tests/test_wave4_launcher.py::TestLaunchConfigFields::test_launch_config_has_settings_app [32mPASSED[0m[31m [ 96%][0m
tests/test_wave4_launcher.py::TestLaunchConfigFields::test_launch_config_has_min_size [32mPASSED[0m[31m [ 96%][0m
tests/test_wave4_launcher.py::TestLaunchConfigFields::test_launch_config_defaults [32mPASSED[0m[31m [ 96%][0m
tests/test_wave4_launcher.py::TestLaunchFromGUIInfo::test_returns_error_for_missing_pyqt6 [32mPASSED[0m[31m [ 96%][0m
tests/test_wave4_launcher.py::TestLaunchFromGUIInfo::test_returns_error_for_missing_deps [32mPASSED[0m[31m [ 96%][0m
tests/test_wave4_launcher.py::TestAutoDiscoverGuis::test_discovers_tools_from_src [32mPASSED[0m[31m [ 96%][0m
tests/test_wave4_launcher.py::TestAutoDiscoverGuis::test_discovered_tools_have_pyqt6_config [32mPASSED[0m[31m [ 97%][0m
tests/test_wave4_launcher.py::TestLegacyDeprecation::test_launcher_py_has_deprecation [32mPASSED[0m[31m [ 97%][0m
tests/test_wave4_launcher.py::TestLegacyDeprecation::test_launch_tools_main_has_deprecation [32mPASSED[0m[31m [ 97%][0m
tests/test_wave4_launcher.py::TestUnifiedLaunchPy::test_launch_py_exists [32mPASSED[0m[31m [ 97%][0m
tests/test_wave4_launcher.py::TestUnifiedLaunchPy::test_launch_py_has_argparse [32mPASSED[0m[31m [ 97%][0m
tests/test_waves_2_3_imports.py::TestUtilsNamespaceThin::test_no_eager_get_logger [32mPASSED[0m[31m [ 97%][0m
tests/test_waves_2_3_imports.py::TestUtilsNamespaceThin::test_no_eager_safe_execute [32mPASSED[0m[31m [ 97%][0m
tests/test_waves_2_3_imports.py::TestUtilsNamespaceThin::test_no_eager_BaseTestCase [32mPASSED[0m[31m [ 97%][0m
tests/test_waves_2_3_imports.py::TestUtilsNamespaceThin::test_no_eager_debug_log [32mPASSED[0m[31m [ 98%][0m
tests/test_waves_2_3_imports.py::TestUtilsNamespaceThin::test_submodule_import_still_works [32mPASSED[0m[31m [ 98%][0m
tests/test_waves_2_3_imports.py::TestUtilsNamespaceThin::test_error_handling_submodule [32mPASSED[0m[31m [ 98%][0m
tests/test_waves_2_3_imports.py::TestUtilsNamespaceThin::test_path_setup_submodule [32mPASSED[0m[31m [ 98%][0m
tests/test_waves_2_3_imports.py::TestUpstreamDriftToolsUtilsDocumented::test_docstring_mentions_overlap [32mPASSED[0m[31m [ 98%][0m
tests/test_waves_2_3_imports.py::TestDirectUpstreamDriftToolsImport::test_utils_paths [32mPASSED[0m[31m [ 98%][0m
tests/test_waves_2_3_imports.py::TestDirectUpstreamDriftToolsImport::test_utils_state_manager [32mPASSED[0m[31m [ 98%][0m
tests/test_waves_2_3_imports.py::TestDirectUpstreamDriftToolsImport::test_utils_unit_constants [32mPASSED[0m[31m [ 98%][0m
tests/test_waves_2_3_imports.py::TestDirectUpstreamDriftToolsImport::test_bootstrap [32mPASSED[0m[31m [ 99%][0m
tests/test_waves_2_3_imports.py::TestDirectSignalToolkitImport::test_signal_generator [32mPASSED[0m[31m [ 99%][0m
tests/test_waves_2_3_imports.py::TestDirectGuiLauncherImport::test_gui_type [32mPASSED[0m[31m [ 99%][0m
tests/test_waves_2_3_imports.py::TestDirectPlotEngineImport::test_plot_spec [32mPASSED[0m[31m [ 99%][0m
tests/test_waves_2_3_imports.py::TestDirectPlotThemeImport::test_plot_theme_manager [32mPASSED[0m[31m [ 99%][0m
tests/test_waves_2_3_imports.py::TestDirectChatImport::test_chat_models [32mPASSED[0m[31m [ 99%][0m
tests/test_waves_2_3_imports.py::TestBackwardCompatSharedPython::test_shared_python_theme_still_works [32mPASSED[0m[31m [ 99%][0m
tests/test_waves_2_3_imports.py::TestBackwardCompatSharedPython::test_shared_python_upstream_drift_tools_still_resolves [32mPASSED[0m[31m [ 99%][0m
tests/test_waves_2_3_imports.py::TestBackwardCompatSharedPython::test_shared_python_signal_toolkit_still_resolves [32mPASSED[0m[31m [100%][0m

================================== FAILURES ===================================
[31m[1m_________ TestPyQt6LauncherDRY.test_launch_pyqt6_files_use_bootstrap __________[0m
[1m[31mtests\test_dry_compliance.py[0m:254: in test_launch_pyqt6_files_use_bootstrap
    [0m[94massert[39;49;00m ([90m[39;49;00m
[1m[31mE   AssertionError: launch_pyqt6.py files not using ensure_paths:[0m
[1m[31mE       - src\tools\folder_tools\folder_packer_pro\launch_pyqt6.py[0m
[1m[31mE       - src\tools\folder_tools\folder_tool\launch_pyqt6.py[0m
[1m[31mE   assert ['src\\tools\...nch_pyqt6.py'] == [][0m
[1m[31mE     [0m
[1m[31mE     Left contains 2 more items, first extra item: [0m[33m'[39;49;00m[33msrc[39;49;00m[33m\\[39;49;00m[33mtools[39;49;00m[33m\\[39;49;00m[33mfolder_tools[39;49;00m[33m\\[39;49;00m[33mfolder_packer_pro[39;49;00m[33m\\[39;49;00m[33mlaunch_pyqt6.py[39;49;00m[33m'[39;49;00m[90m[39;49;00m[0m
[1m[31mE     [0m
[1m[31mE     Full diff:[0m
[1m[31mE     [0m[91m- [][39;49;00m[90m[39;49;00m[0m
[1m[31mE     [92m+ [[39;49;00m[90m[39;49;00m[0m
[1m[31mE     [92m+     'src\\tools\\folder_tools\\folder_packer_pro\\launch_pyqt6.py',[39;49;00m[90m[39;49;00m[0m
[1m[31mE     [92m+     'src\\tools\\folder_tools\\folder_tool\\launch_pyqt6.py',[39;49;00m[90m[39;49;00m[0m
[1m[31mE     [92m+ ][39;49;00m[90m[39;49;00m[0m
[33m============================== warnings summary ===============================[0m
src\tools\__init__.py:3
  C:\Users\diete\Repositories\Tools\src\tools\__init__.py:3: DeprecationWarning: tools.logger is deprecated. Use utils.logging_utils instead.
    from tools.logger import setup_logging

src\python\src\utils\integration_test_helpers.py:701
  C:\Users\diete\Repositories\Tools\src\python\src\utils\integration_test_helpers.py:701: PytestCollectionWarning: cannot collect test class 'DataFileLoader' because it has a __init__ constructor (from: tests/test_integration_test_helpers.py)
    class DataFileLoader:

src\python\src\utils\integration_test_helpers.py:223
  C:\Users\diete\Repositories\Tools\src\python\src\utils\integration_test_helpers.py:223: PytestCollectionWarning: cannot collect test class 'EnvironmentManager' because it has a __init__ constructor (from: tests/test_integration_test_helpers.py)
    class EnvironmentManager:

tests/calc_backend/test_new_endpoints.py::TestSyngasWaterEndpoint::test_syngas_water_high_temp_no_error
  C:\Users\diete\Repositories\Tools\src\shared\python\upstream_drift_tools\process_calculators\syngas_water_calculator.py:276: RuntimeWarning: overflow encountered in exp
    p_kpa = a * np.exp(

tests/calc_backend/test_new_endpoints.py::TestSyngasWaterEndpoint::test_syngas_water_high_temp_no_error
  C:\Users\diete\Repositories\Tools\src\shared\python\upstream_drift_tools\process_calculators\syngas_water_calculator.py:392: RuntimeWarning: invalid value encountered in scalar subtract
    self._buck_equation(T_guess + 0.1)

-- Docs: https://docs.pytest.org/en/stable/how-to/capture-warnings.html
[36m[1m=========================== short test summary info ===========================[0m
[33mSKIPPED[0m [1] tests\shared\python\notes\test_notes_dock_widget.py:15: Set RUN_QT_TESTS=1 to run PyQt widget tests
[33mSKIPPED[0m [3] tests\calc_backend\test_calc_backend_api.py:313: WGS engine not fully available (missing scipy or species DB)
[31mFAILED[0m tests/test_dry_compliance.py::[1mTestPyQt6LauncherDRY::test_launch_pyqt6_files_use_bootstrap[0m - AssertionError: launch_pyqt6.py files not using ensure_paths:
[31m============ [31m[1m1 failed[0m, [32m804 passed[0m, [33m4 skipped[0m, [33m5 warnings[0m[31m in 35.98s[0m[31m ============[0m
